Component: ARM Compiler 5.06 update 1 (build 61) Tool: armlink [4d35a8]

==============================================================================

Section Cross References

    main.o(i.main) refers to kod.o(i._GPIO) for _GPIO
    main.o(i.main) refers to moje.o(i._LED) for _LED
    main.o(i.main) refers to kod.o(i._I2S) for _I2S
    main.o(i.main) refers to kod.o(i._NVIC) for _NVIC
    main.o(i.main) refers to stm32f4xx_gpio.o(i.GPIO_SetBits) for GPIO_SetBits
    main.o(i.main) refers to arm_rfft_init_f32.o(.text) for arm_rfft_init_f32
    main.o(i.main) refers to stm32f4xx_spi.o(i.I2S_Cmd) for I2S_Cmd
    main.o(i.main) refers to arm_rfft_f32.o(.text) for arm_rfft_f32
    main.o(i.main) refers to arm_cmplx_mag_f32.o(.text) for arm_cmplx_mag_f32
    main.o(i.main) refers to stm32f4xx_gpio.o(i.GPIO_ToggleBits) for GPIO_ToggleBits
    main.o(i.main) refers to moje.o(i.USART_putf) for USART_putf
    main.o(i.main) refers to moje.o(i.Delay) for Delay
    main.o(i.main) refers to main.o(.bss) for S_CFFT
    main.o(i.main) refers to main.o(.data) for Data_Status
    moje.o(i.USART_putf) refers to stm32f4xx_usart.o(i.USART_GetFlagStatus) for USART_GetFlagStatus
    moje.o(i.USART_putf) refers to stm32f4xx_usart.o(i.USART_SendData) for USART_SendData
    moje.o(i.USART_putf) refers to moje.o(i.Delay) for Delay
    moje.o(i.USART_puts) refers to stm32f4xx_usart.o(i.USART_GetFlagStatus) for USART_GetFlagStatus
    moje.o(i.USART_puts) refers to stm32f4xx_usart.o(i.USART_SendData) for USART_SendData
    moje.o(i._LED) refers to stm32f4xx_rcc.o(i.RCC_AHB1PeriphClockCmd) for RCC_AHB1PeriphClockCmd
    moje.o(i._LED) refers to stm32f4xx_gpio.o(i.GPIO_Init) for GPIO_Init
    stm32f4xx_it.o(i.SPI2_IRQHandler) refers to stm32f4xx_gpio.o(i.GPIO_SetBits) for GPIO_SetBits
    stm32f4xx_it.o(i.SPI2_IRQHandler) refers to stm32f4xx_spi.o(i.SPI_I2S_GetITStatus) for SPI_I2S_GetITStatus
    stm32f4xx_it.o(i.SPI2_IRQHandler) refers to stm32f4xx_spi.o(i.SPI_I2S_ReceiveData) for SPI_I2S_ReceiveData
    stm32f4xx_it.o(i.SPI2_IRQHandler) refers to pdm_filter.o(.text) for PDM_Filter_64_LSB
    stm32f4xx_it.o(i.SPI2_IRQHandler) refers to stm32f4xx_it.o(.data) for InternalBufferSize
    stm32f4xx_it.o(i.SPI2_IRQHandler) refers to main.o(.bss) for PDM_Input_Buffer
    stm32f4xx_it.o(i.SPI2_IRQHandler) refers to kod.o(.bss) for Filter
    stm32f4xx_it.o(i.SPI2_IRQHandler) refers to main.o(.data) for Data_Status
    stm32f4xx_it.o(i.USART1_IRQHandler) refers to stm32f4xx_gpio.o(i.GPIO_SetBits) for GPIO_SetBits
    kod.o(i._GPIO) refers to stm32f4xx_rcc.o(i.RCC_AHB1PeriphClockCmd) for RCC_AHB1PeriphClockCmd
    kod.o(i._GPIO) refers to stm32f4xx_gpio.o(i.GPIO_Init) for GPIO_Init
    kod.o(i._GPIO) refers to stm32f4xx_gpio.o(i.GPIO_PinAFConfig) for GPIO_PinAFConfig
    kod.o(i._GPIO) refers to kod.o(.data) for GPIO_Str
    kod.o(i._I2S) refers to stm32f4xx_rcc.o(i.RCC_APB1PeriphClockCmd) for RCC_APB1PeriphClockCmd
    kod.o(i._I2S) refers to stm32f4xx_rcc.o(i.RCC_PLLI2SCmd) for RCC_PLLI2SCmd
    kod.o(i._I2S) refers to stm32f4xx_spi.o(i.SPI_I2S_DeInit) for SPI_I2S_DeInit
    kod.o(i._I2S) refers to stm32f4xx_spi.o(i.I2S_Init) for I2S_Init
    kod.o(i._I2S) refers to stm32f4xx_spi.o(i.SPI_I2S_ITConfig) for SPI_I2S_ITConfig
    kod.o(i._I2S) refers to stm32f4xx_spi.o(i.I2S_Cmd) for I2S_Cmd
    kod.o(i._I2S) refers to kod.o(.bss) for I2S_Str
    kod.o(i._NVIC) refers to misc.o(i.NVIC_PriorityGroupConfig) for NVIC_PriorityGroupConfig
    kod.o(i._NVIC) refers to misc.o(i.NVIC_Init) for NVIC_Init
    kod.o(i._NVIC) refers to kod.o(.data) for NVIC_Str
    kod.o(i._PDM) refers to pdm_filter.o(.text) for PDM_Filter_Init
    kod.o(i._PDM) refers to kod.o(.bss) for Filter
    kod.o(i._USART1) refers to stm32f4xx_rcc.o(i.RCC_APB2PeriphClockCmd) for RCC_APB2PeriphClockCmd
    kod.o(i._USART1) refers to stm32f4xx_usart.o(i.USART_Init) for USART_Init
    kod.o(i._USART1) refers to stm32f4xx_usart.o(i.USART_Cmd) for USART_Cmd
    kod.o(i._USART1) refers to kod.o(.bss) for USART_Str
    stm32f4xx_gpio.o(i.GPIO_DeInit) refers to stm32f4xx_rcc.o(i.RCC_AHB1PeriphResetCmd) for RCC_AHB1PeriphResetCmd
    stm32f4xx_rcc.o(i.RCC_GetClocksFreq) refers to stm32f4xx_rcc.o(.data) for APBAHBPrescTable
    stm32f4xx_rcc.o(i.RCC_WaitForHSEStartUp) refers to stm32f4xx_rcc.o(i.RCC_GetFlagStatus) for RCC_GetFlagStatus
    stm32f4xx_spi.o(i.SPI_I2S_DeInit) refers to stm32f4xx_rcc.o(i.RCC_APB2PeriphResetCmd) for RCC_APB2PeriphResetCmd
    stm32f4xx_spi.o(i.SPI_I2S_DeInit) refers to stm32f4xx_rcc.o(i.RCC_APB1PeriphResetCmd) for RCC_APB1PeriphResetCmd
    stm32f4xx_usart.o(i.USART_DeInit) refers to stm32f4xx_rcc.o(i.RCC_APB2PeriphResetCmd) for RCC_APB2PeriphResetCmd
    stm32f4xx_usart.o(i.USART_DeInit) refers to stm32f4xx_rcc.o(i.RCC_APB1PeriphResetCmd) for RCC_APB1PeriphResetCmd
    stm32f4xx_usart.o(i.USART_Init) refers to stm32f4xx_rcc.o(i.RCC_GetClocksFreq) for RCC_GetClocksFreq
[...]
    Removing misc.o(i.NVIC_SystemLPConfig), (32 bytes).
    Removing misc.o(i.SysTick_CLKSourceConfig), (40 bytes).
    Removing stm32f4xx_gpio.o(.rev16_text), (4 bytes).
    Removing stm32f4xx_gpio.o(.revsh_text), (4 bytes).
    Removing stm32f4xx_gpio.o(.rrx_text), (6 bytes).
    Removing stm32f4xx_gpio.o(i.GPIO_DeInit), (312 bytes).
    Removing stm32f4xx_gpio.o(i.GPIO_PinLockConfig), (34 bytes).
    Removing stm32f4xx_gpio.o(i.GPIO_ReadInputData), (8 bytes).
    Removing stm32f4xx_gpio.o(i.GPIO_ReadInputDataBit), (18 bytes).
    Removing stm32f4xx_gpio.o(i.GPIO_ReadOutputData), (8 bytes).
    Removing stm32f4xx_gpio.o(i.GPIO_ReadOutputDataBit), (18 bytes).
    Removing stm32f4xx_gpio.o(i.GPIO_ResetBits), (4 bytes).
    Removing stm32f4xx_gpio.o(i.GPIO_StructInit), (18 bytes).
    Removing stm32f4xx_gpio.o(i.GPIO_Write), (4 bytes).
    Removing stm32f4xx_gpio.o(i.GPIO_WriteBit), (10 bytes).
    Removing stm32f4xx_rcc.o(.rev16_text), (4 bytes).
    Removing stm32f4xx_rcc.o(.revsh_text), (4 bytes).
    Removing stm32f4xx_rcc.o(.rrx_text), (6 bytes).
    Removing stm32f4xx_rcc.o(i.RCC_AHB1PeriphClockLPModeCmd), (32 bytes).
    Removing stm32f4xx_rcc.o(i.RCC_AHB1PeriphResetCmd), (32 bytes).
    Removing stm32f4xx_rcc.o(i.RCC_AHB2PeriphClockCmd), (32 bytes).
    Removing stm32f4xx_rcc.o(i.RCC_AHB2PeriphClockLPModeCmd), (32 bytes).
    Removing stm32f4xx_rcc.o(i.RCC_AHB2PeriphResetCmd), (32 bytes).
    Removing stm32f4xx_rcc.o(i.RCC_AHB3PeriphClockCmd), (32 bytes).
    Removing stm32f4xx_rcc.o(i.RCC_AHB3PeriphClockLPModeCmd), (32 bytes).
    Removing stm32f4xx_rcc.o(i.RCC_AHB3PeriphResetCmd), (32 bytes).
    Removing stm32f4xx_rcc.o(i.RCC_APB1PeriphClockLPModeCmd), (32 bytes).
    Removing stm32f4xx_rcc.o(i.RCC_APB2PeriphClockCmd), (32 bytes).
    Removing stm32f4xx_rcc.o(i.RCC_APB2PeriphClockLPModeCmd), (32 bytes).
    Removing stm32f4xx_rcc.o(i.RCC_AdjustHSICalibrationValue), (24 bytes).
    Removing stm32f4xx_rcc.o(i.RCC_BackupResetCmd), (12 bytes).
    Removing stm32f4xx_rcc.o(i.RCC_ClearFlag), (20 bytes).
    Removing stm32f4xx_rcc.o(i.RCC_ClearITPendingBit), (12 bytes).
    Removing stm32f4xx_rcc.o(i.RCC_ClockSecuritySystemCmd), (12 bytes).
    Removing stm32f4xx_rcc.o(i.RCC_DeInit), (100 bytes).
    Removing stm32f4xx_rcc.o(i.RCC_GetClocksFreq), (232 bytes).
    Removing stm32f4xx_rcc.o(i.RCC_GetFlagStatus), (64 bytes).
    Removing stm32f4xx_rcc.o(i.RCC_GetITStatus), (24 bytes).
    Removing stm32f4xx_rcc.o(i.RCC_GetSYSCLKSource), (16 bytes).
    Removing stm32f4xx_rcc.o(i.RCC_HCLKConfig), (24 bytes).
    Removing stm32f4xx_rcc.o(i.RCC_HSEConfig), (16 bytes).
    Removing stm32f4xx_rcc.o(i.RCC_HSICmd), (12 bytes).
    Removing stm32f4xx_rcc.o(i.RCC_I2SCLKConfig), (12 bytes).
    Removing stm32f4xx_rcc.o(i.RCC_ITConfig), (32 bytes).
    Removing stm32f4xx_rcc.o(i.RCC_LSEConfig), (44 bytes).
    Removing stm32f4xx_rcc.o(i.RCC_LSEModeConfig), (36 bytes).
    Removing stm32f4xx_rcc.o(i.RCC_LSICmd), (12 bytes).
    Removing stm32f4xx_rcc.o(i.RCC_LTDCCLKDivConfig), (24 bytes).
    Removing stm32f4xx_rcc.o(i.RCC_MCO1Config), (28 bytes).
    Removing stm32f4xx_rcc.o(i.RCC_MCO2Config), (28 bytes).
    Removing stm32f4xx_rcc.o(i.RCC_PCLK1Config), (24 bytes).
    Removing stm32f4xx_rcc.o(i.RCC_PCLK2Config), (24 bytes).
    Removing stm32f4xx_rcc.o(i.RCC_PLLCmd), (12 bytes).
    Removing stm32f4xx_rcc.o(i.RCC_PLLConfig), (36 bytes).
    Removing stm32f4xx_rcc.o(i.RCC_PLLI2SConfig), (16 bytes).
    Removing stm32f4xx_rcc.o(i.RCC_PLLSAICmd), (12 bytes).
    Removing stm32f4xx_rcc.o(i.RCC_PLLSAIConfig), (24 bytes).
    Removing stm32f4xx_rcc.o(i.RCC_RTCCLKCmd), (12 bytes).
    Removing stm32f4xx_rcc.o(i.RCC_RTCCLKConfig), (60 bytes).
    Removing stm32f4xx_rcc.o(i.RCC_SAIBlockACLKConfig), (24 bytes).
    Removing stm32f4xx_rcc.o(i.RCC_SAIBlockBCLKConfig), (24 bytes).
    Removing stm32f4xx_rcc.o(i.RCC_SAIPLLI2SClkDivConfig), (28 bytes).
    Removing stm32f4xx_rcc.o(i.RCC_SAIPLLSAIClkDivConfig), (28 bytes).
    Removing stm32f4xx_rcc.o(i.RCC_SYSCLKConfig), (24 bytes).
    Removing stm32f4xx_rcc.o(i.RCC_TIMCLKPresConfig), (12 bytes).
    Removing stm32f4xx_rcc.o(i.RCC_WaitForHSEStartUp), (56 bytes).
    Removing stm32f4xx_rcc.o(.data), (16 bytes).
    Removing stm32f4xx_spi.o(.rev16_text), (4 bytes).
    Removing stm32f4xx_spi.o(.revsh_text), (4 bytes).
    Removing stm32f4xx_spi.o(.rrx_text), (6 bytes).
    Removing stm32f4xx_spi.o(i.I2S_FullDuplexConfig), (80 bytes).
    Removing stm32f4xx_spi.o(i.I2S_StructInit), (20 bytes).
    Removing stm32f4xx_spi.o(i.SPI_BiDirectionalLineConfig), (28 bytes).
    Removing stm32f4xx_spi.o(i.SPI_CalculateCRC), (24 bytes).
    Removing stm32f4xx_spi.o(i.SPI_Cmd), (24 bytes).
    Removing stm32f4xx_spi.o(i.SPI_DataSizeConfig), (18 bytes).
    Removing stm32f4xx_spi.o(i.SPI_GetCRC), (16 bytes).
    Removing stm32f4xx_spi.o(i.SPI_GetCRCPolynomial), (6 bytes).
    Removing stm32f4xx_spi.o(i.SPI_I2S_ClearFlag), (6 bytes).
    Removing stm32f4xx_spi.o(i.SPI_I2S_ClearITPendingBit), (20 bytes).
    Removing stm32f4xx_spi.o(i.SPI_I2S_DMACmd), (18 bytes).
    Removing stm32f4xx_spi.o(i.SPI_I2S_GetFlagStatus), (18 bytes).
    Removing stm32f4xx_spi.o(i.SPI_I2S_SendData), (4 bytes).
    Removing stm32f4xx_spi.o(i.SPI_Init), (60 bytes).
    Removing stm32f4xx_spi.o(i.SPI_NSSInternalSoftwareConfig), (30 bytes).
    Removing stm32f4xx_spi.o(i.SPI_SSOutputCmd), (24 bytes).
    Removing stm32f4xx_spi.o(i.SPI_StructInit), (24 bytes).
    Removing stm32f4xx_spi.o(i.SPI_TIModeCmd), (24 bytes).
    Removing stm32f4xx_spi.o(i.SPI_TransmitCRC), (10 bytes).
    Removing stm32f4xx_usart.o(.rev16_text), (4 bytes).
    Removing stm32f4xx_usart.o(.revsh_text), (4 bytes).
    Removing stm32f4xx_usart.o(.rrx_text), (6 bytes).
    Removing stm32f4xx_usart.o(i.USART_ClearFlag), (18 bytes).
    Removing stm32f4xx_usart.o(i.USART_ClearITPendingBit), (30 bytes).
    Removing stm32f4xx_usart.o(i.USART_ClockInit), (32 bytes).
    Removing stm32f4xx_usart.o(i.USART_ClockStructInit), (12 bytes).
    Removing stm32f4xx_usart.o(i.USART_Cmd), (24 bytes).
    Removing stm32f4xx_usart.o(i.USART_DMACmd), (18 bytes).
    Removing stm32f4xx_usart.o(i.USART_DeInit), (240 bytes).
    Removing stm32f4xx_usart.o(i.USART_GetITStatus), (84 bytes).
    Removing stm32f4xx_usart.o(i.USART_HalfDuplexCmd), (24 bytes).
    Removing stm32f4xx_usart.o(i.USART_ITConfig), (74 bytes).
    Removing stm32f4xx_usart.o(i.USART_Init), (212 bytes).
    Removing stm32f4xx_usart.o(i.USART_IrDACmd), (24 bytes).
    Removing stm32f4xx_usart.o(i.USART_IrDAConfig), (18 bytes).
    Removing stm32f4xx_usart.o(i.USART_LINBreakDetectLengthConfig), (18 bytes).
    Removing stm32f4xx_usart.o(i.USART_LINCmd), (24 bytes).
    Removing stm32f4xx_usart.o(i.USART_OneBitMethodCmd), (24 bytes).
    Removing stm32f4xx_usart.o(i.USART_OverSampling8Cmd), (22 bytes).
    Removing stm32f4xx_usart.o(i.USART_ReceiveData), (10 bytes).
    Removing stm32f4xx_usart.o(i.USART_ReceiverWakeUpCmd), (24 bytes).
    Removing stm32f4xx_usart.o(i.USART_SendBreak), (10 bytes).
    Removing stm32f4xx_usart.o(i.USART_SetAddress), (18 bytes).
    Removing stm32f4xx_usart.o(i.USART_SetGuardTime), (16 bytes).
    Removing stm32f4xx_usart.o(i.USART_SetPrescaler), (16 bytes).
    Removing stm32f4xx_usart.o(i.USART_SmartCardCmd), (24 bytes).
    Removing stm32f4xx_usart.o(i.USART_SmartCardNACKCmd), (24 bytes).
    Removing stm32f4xx_usart.o(i.USART_StructInit), (24 bytes).
    Removing stm32f4xx_usart.o(i.USART_WakeUpConfig), (18 bytes).
    Removing system_stm32f4xx.o(.rev16_text), (4 bytes).
    Removing system_stm32f4xx.o(.revsh_text), (4 bytes).
    Removing system_stm32f4xx.o(.rrx_text), (6 bytes).
    Removing system_stm32f4xx.o(i.SystemCoreClockUpdate), (192 bytes).
    Removing system_stm32f4xx.o(.data), (20 bytes).
    Removing arm_cmplx_mag_f32.o(.rev16_text), (4 bytes).
    Removing arm_cmplx_mag_f32.o(.revsh_text), (4 bytes).
    Removing arm_cmplx_mag_f32.o(.rrx_text), (6 bytes).
    Removing arm_rfft_f32.o(.rev16_text), (4 bytes).
    Removing arm_rfft_f32.o(.revsh_text), (4 bytes).
    Removing arm_rfft_f32.o(.rrx_text), (6 bytes).
    Removing arm_rfft_init_f32.o(.rev16_text), (4 bytes).
    Removing arm_rfft_init_f32.o(.revsh_text), (4 bytes).
    Removing arm_rfft_init_f32.o(.rrx_text), (6 bytes).
    Removing arm_cfft_radix4_f32.o(.rev16_text), (4 bytes).
    Removing arm_cfft_radix4_f32.o(.revsh_text), (4 bytes).
    Removing arm_cfft_radix4_f32.o(.rrx_text), (6 bytes).
    Removing arm_cfft_radix4_init_f32.o(.rev16_text), (4 bytes).
    Removing arm_cfft_radix4_init_f32.o(.revsh_text), (4 bytes).
    Removing arm_cfft_radix4_init_f32.o(.rrx_text), (6 bytes).
    Removing arm_bitreversal.o(.rev16_text), (4 bytes).
    Removing arm_bitreversal.o(.revsh_text), (4 bytes).
    Removing arm_bitreversal.o(.rrx_text), (6 bytes).
    Removing arm_common_tables.o(.rev16_text), (4 bytes).
    Removing arm_common_tables.o(.revsh_text), (4 bytes).
    Removing arm_common_tables.o(.rrx_text), (6 bytes).
    Removing arm_common_tables.o(.constdata), (128 bytes).
    Removing arm_common_tables.o(.constdata), (256 bytes).
    Removing arm_common_tables.o(.constdata), (512 bytes).
    Removing arm_common_tables.o(.constdata), (1024 bytes).
    Removing arm_common_tables.o(.constdata), (2048 bytes).
    Removing arm_common_tables.o(.constdata), (4096 bytes).
    Removing arm_common_tables.o(.constdata), (8192 bytes).
    Removing arm_common_tables.o(.constdata), (16384 bytes).
    Removing arm_common_tables.o(.constdata), (96 bytes).
    Removing arm_common_tables.o(.constdata), (192 bytes).
    Removing arm_common_tables.o(.constdata), (384 bytes).
    Removing arm_common_tables.o(.constdata), (768 bytes).
    Removing arm_common_tables.o(.constdata), (1536 bytes).
    Removing arm_common_tables.o(.constdata), (3072 bytes).
    Removing arm_common_tables.o(.constdata), (6144 bytes).
    Removing arm_common_tables.o(.constdata), (12288 bytes).
    Removing arm_common_tables.o(.constdata), (24576 bytes).
    Removing arm_common_tables.o(.constdata), (48 bytes).
    Removing arm_common_tables.o(.constdata), (96 bytes).
    Removing arm_common_tables.o(.constdata), (192 bytes).
    Removing arm_common_tables.o(.constdata), (384 bytes).
    Removing arm_common_tables.o(.constdata), (768 bytes).
    Removing arm_common_tables.o(.constdata), (1536 bytes).
    Removing arm_common_tables.o(.constdata), (3072 bytes).
    Removing arm_common_tables.o(.constdata), (6144 bytes).
    Removing arm_common_tables.o(.constdata), (12288 bytes).
    Removing arm_common_tables.o(.constdata), (128 bytes).
    Removing arm_common_tables.o(.constdata), (256 bytes).
    Removing arm_common_tables.o(.constdata), (40 bytes).
    Removing arm_common_tables.o(.constdata), (96 bytes).
    Removing arm_common_tables.o(.constdata), (112 bytes).
    Removing arm_common_tables.o(.constdata), (416 bytes).
    Removing arm_common_tables.o(.constdata), (880 bytes).
    Removing arm_common_tables.o(.constdata), (896 bytes).
    Removing arm_common_tables.o(.constdata), (3600 bytes).
    Removing arm_common_tables.o(.constdata), (7616 bytes).
    Removing arm_common_tables.o(.constdata), (8064 bytes).
    Removing arm_common_tables.o(.constdata), (24 bytes).
    Removing arm_common_tables.o(.constdata), (48 bytes).
    Removing arm_common_tables.o(.constdata), (112 bytes).
    Removing arm_common_tables.o(.constdata), (224 bytes).
    Removing arm_common_tables.o(.constdata), (480 bytes).
    Removing arm_common_tables.o(.constdata), (960 bytes).
    Removing arm_common_tables.o(.constdata), (1984 bytes).
    Removing arm_common_tables.o(.constdata), (3968 bytes).
    Removing arm_common_tables.o(.constdata), (8064 bytes).
    Removing arm_common_tables.o(.constdata), (128 bytes).
    Removing arm_common_tables.o(.constdata), (256 bytes).
    Removing arm_common_tables.o(.constdata), (512 bytes).
    Removing arm_common_tables.o(.constdata), (1024 bytes).
    Removing arm_common_tables.o(.constdata), (2048 bytes).
    Removing arm_common_tables.o(.constdata), (4096 bytes).
    Removing arm_common_tables.o(.constdata), (8192 bytes).
    Removing arm_common_tables.o(.constdata), (16384 bytes).
    Removing arm_common_tables.o(.constdata), (2052 bytes).
    Removing arm_common_tables.o(.constdata), (2052 bytes).
    Removing arm_common_tables.o(.constdata), (1026 bytes).

222 unused section(s) (total 186204 bytes) removed from the image.

==============================================================================

Image Symbol Table

    Local Symbols

    Symbol Name                              Value     Ov Type        Size  Object(Section)

    ../clib/angel/boardlib.s                 0x00000000   Number         0  boardinit1.o ABSOLUTE
    ../clib/angel/boardlib.s                 0x00000000   Number         0  boardinit2.o ABSOLUTE
    ../clib/angel/boardlib.s                 0x00000000   Number         0  boardinit3.o ABSOLUTE
    ../clib/angel/boardlib.s                 0x00000000   Number         0  boardshut.o ABSOLUTE
    ../clib/angel/dclz77c.s                  0x00000000   Number         0  __dclz77c.o ABSOLUTE
    ../clib/angel/handlers.s                 0x00000000   Number         0  __scatter_zi.o ABSOLUTE
    ../clib/angel/kernel.s                   0x00000000   Number         0  __rtentry.o ABSOLUTE
    ../clib/angel/kernel.s                   0x00000000   Number         0  __rtentry4.o ABSOLUTE
    ../clib/angel/kernel.s                   0x00000000   Number         0  __rtentry2.o ABSOLUTE
    ../clib/angel/kernel.s                   0x00000000   Number         0  rtexit.o ABSOLUTE
    ../clib/angel/kernel.s                   0x00000000   Number         0  rtexit2.o ABSOLUTE
    ../clib/angel/rt.s                       0x00000000   Number         0  rt_raise.o ABSOLUTE
    ../clib/angel/rt.s                       0x00000000   Number         0  rt_errno_addr_intlibspace.o ABSOLUTE
    ../clib/angel/rt.s                       0x00000000   Number         0  rt_errno_addr.o ABSOLUTE
    ../clib/angel/scatter.s                  0x00000000   Number         0  __scatter.o ABSOLUTE
    ../clib/angel/startup.s                  0x00000000   Number         0  __main.o ABSOLUTE
    ../clib/angel/sys.s                      0x00000000   Number         0  sys_stackheap_outer.o ABSOLUTE
    ../clib/angel/sys.s                      0x00000000   Number         0  libspace.o ABSOLUTE
    ../clib/angel/sys.s                      0x00000000   Number         0  indicate_semi.o ABSOLUTE
    ../clib/angel/sys.s                      0x00000000   Number         0  use_no_semi.o ABSOLUTE
    ../clib/angel/sysapp.c                   0x00000000   Number         0  sys_wrch.o ABSOLUTE
    ../clib/angel/sysapp.c                   0x00000000   Number         0  sys_command.o ABSOLUTE
    ../clib/angel/sysapp.c                   0x00000000   Number         0  sys_exit.o ABSOLUTE
    ../clib/armsys.c                         0x00000000   Number         0  _get_argv_nomalloc.o ABSOLUTE
    ../clib/armsys.c                         0x00000000   Number         0  no_argv.o ABSOLUTE
    ../clib/armsys.c                         0x00000000   Number         0  argv_veneer.o ABSOLUTE
    ../clib/armsys.c                         0x00000000   Number         0  argv_veneer.o ABSOLUTE
    ../clib/fenv.c                           0x00000000   Number         0  _rserrno.o ABSOLUTE
    ../clib/heapalloc.c                      0x00000000   Number         0  hrguard.o ABSOLUTE
    ../clib/heapaux.c                        0x00000000   Number         0  heapauxi.o ABSOLUTE
    ../clib/libinit.s                        0x00000000   Number         0  libinit.o ABSOLUTE
    ../clib/libinit.s                        0x00000000   Number         0  libshutdown2.o ABSOLUTE
    ../clib/libinit.s                        0x00000000   Number         0  libinit2.o ABSOLUTE
    ../clib/libinit.s                        0x00000000   Number         0  libshutdown.o ABSOLUTE
    ../clib/signal.c                         0x00000000   Number         0  defsig_segv_inner.o ABSOLUTE
    ../clib/signal.c                         0x00000000   Number         0  defsig_exit.o ABSOLUTE
    ../clib/signal.c                         0x00000000   Number         0  defsig_other.o ABSOLUTE
    ../clib/signal.c                         0x00000000   Number         0  defsig_rtmem_outer.o ABSOLUTE
    ../clib/signal.c                         0x00000000   Number         0  defsig_cppl_inner.o ABSOLUTE
    ../clib/signal.c                         0x00000000   Number         0  defsig_pvfn_inner.o ABSOLUTE
    ../clib/signal.c                         0x00000000   Number         0  defsig_stak_inner.o ABSOLUTE
    ../clib/signal.c                         0x00000000   Number         0  defsig_rtred_inner.o ABSOLUTE
    ../clib/signal.c                         0x00000000   Number         0  defsig_fpe_inner.o ABSOLUTE
    ../clib/signal.c                         0x00000000   Number         0  defsig_abrt_inner.o ABSOLUTE
    ../clib/signal.c                         0x00000000   Number         0  defsig_rtmem_formal.o ABSOLUTE
    ../clib/signal.c                         0x00000000   Number         0  defsig_general.o ABSOLUTE
    ../clib/signal.c                         0x00000000   Number         0  __raise.o ABSOLUTE
    ../clib/signal.c                         0x00000000   Number         0  defsig_rtmem_inner.o ABSOLUTE
    ../clib/signal.s                         0x00000000   Number         0  defsig.o ABSOLUTE
    ../clib/stdlib.c                         0x00000000   Number         0  exit.o ABSOLUTE
    ../fplib/daddsub.s                       0x00000000   Number         0  daddsub_clz.o ABSOLUTE
    ../fplib/ddiv.s                          0x00000000   Number         0  ddiv.o ABSOLUTE
    ../fplib/dfixu.s                         0x00000000   Number         0  dfixu.o ABSOLUTE
    ../fplib/dflt.s                          0x00000000   Number         0  dflt_clz.o ABSOLUTE
    ../fplib/dmul.s                          0x00000000   Number         0  dmul.o ABSOLUTE
    ../fplib/dnaninf.s                       0x00000000   Number         0  dnaninf.o ABSOLUTE
    ../fplib/dretinf.s                       0x00000000   Number         0  dretinf.o ABSOLUTE
    ../fplib/f2d.s                           0x00000000   Number         0  f2d.o ABSOLUTE
    ../fplib/faddsub.s                       0x00000000   Number         0  faddsub_clz.o ABSOLUTE
    ../fplib/fcheck1.s                       0x00000000   Number         0  fcheck1.o ABSOLUTE
    ../fplib/fmul.s                          0x00000000   Number         0  fmul.o ABSOLUTE
    ../fplib/fnaninf.s                       0x00000000   Number         0  fnaninf.o ABSOLUTE
    ../fplib/fpinit.s                        0x00000000   Number         0  fpinit.o ABSOLUTE
    ../fplib/retnan.s                        0x00000000   Number         0  retnan.o ABSOLUTE
    ../fplib/scalbnf.s                       0x00000000   Number         0  scalbnf.o ABSOLUTE
    ../fplib/trapv.s                         0x00000000   Number         0  trapv.o ABSOLUTE
    ../fplib/usenofp.s                       0x00000000   Number         0  usenofp.o ABSOLUTE
    ../mathlib/sqrtf.c                       0x00000000   Number         0  sqrtf_x.o ABSOLUTE
    ../mathlib/sqrtf.c                       0x00000000   Number         0  sqrtf.o ABSOLUTE
    ..\CommonTables\arm_common_tables.c      0x00000000   Number         0  arm_common_tables.o ABSOLUTE
    ..\ComplexMathFunctions\arm_cmplx_mag_f32.c 0x00000000   Number         0  arm_cmplx_mag_f32.o ABSOLUTE
    ..\TransformFunctions\arm_bitreversal.c  0x00000000   Number         0  arm_bitreversal.o ABSOLUTE
    ..\TransformFunctions\arm_cfft_radix4_f32.c 0x00000000   Number         0  arm_cfft_radix4_f32.o ABSOLUTE
    ..\TransformFunctions\arm_cfft_radix4_init_f32.c 0x00000000   Number         0  arm_cfft_radix4_init_f32.o ABSOLUTE
    ..\TransformFunctions\arm_rfft_f32.c     0x00000000   Number         0  arm_rfft_f32.o ABSOLUTE
    ..\TransformFunctions\arm_rfft_init_f32.c 0x00000000   Number         0  arm_rfft_init_f32.o ABSOLUTE
    ..\\CommonTables\\arm_common_tables.c    0x00000000   Number         0  arm_common_tables.o ABSOLUTE
    ..\\ComplexMathFunctions\\arm_cmplx_mag_f32.c 0x00000000   Number         0  arm_cmplx_mag_f32.o ABSOLUTE
    ..\\TransformFunctions\\arm_bitreversal.c 0x00000000   Number         0  arm_bitreversal.o ABSOLUTE
    ..\\TransformFunctions\\arm_cfft_radix4_f32.c 0x00000000   Number         0  arm_cfft_radix4_f32.o ABSOLUTE
    ..\\TransformFunctions\\arm_cfft_radix4_init_f32.c 0x00000000   Number         0  arm_cfft_radix4_init_f32.o ABSOLUTE
    ..\\TransformFunctions\\arm_rfft_f32.c   0x00000000   Number         0  arm_rfft_f32.o ABSOLUTE
    ..\\TransformFunctions\\arm_rfft_init_f32.c 0x00000000   Number         0  arm_rfft_init_f32.o ABSOLUTE
    ..\src\pdm_filter.c                      0x00000000   Number         0  pdm_filter.o ABSOLUTE
    dc.s                                     0x00000000   Number         0  dc.o ABSOLUTE
    libraries\StdPeriph\misc.c               0x00000000   Number         0  misc.o ABSOLUTE
    libraries\StdPeriph\stm32f4xx_gpio.c     0x00000000   Number         0  stm32f4xx_gpio.o ABSOLUTE
    libraries\StdPeriph\stm32f4xx_rcc.c      0x00000000   Number         0  stm32f4xx_rcc.o ABSOLUTE
    libraries\StdPeriph\stm32f4xx_spi.c      0x00000000   Number         0  stm32f4xx_spi.o ABSOLUTE
    libraries\StdPeriph\stm32f4xx_usart.c    0x00000000   Number         0  stm32f4xx_usart.o ABSOLUTE
    libraries\\StdPeriph\\misc.c             0x00000000   Number         0  misc.o ABSOLUTE
    libraries\\StdPeriph\\stm32f4xx_gpio.c   0x00000000   Number         0  stm32f4xx_gpio.o ABSOLUTE
    libraries\\StdPeriph\\stm32f4xx_rcc.c    0x00000000   Number         0  stm32f4xx_rcc.o ABSOLUTE
    libraries\\StdPeriph\\stm32f4xx_spi.c    0x00000000   Number         0  stm32f4xx_spi.o ABSOLUTE
    libraries\\StdPeriph\\stm32f4xx_usart.c  0x00000000   Number         0  stm32f4xx_usart.o ABSOLUTE
    src\\kod.c                               0x00000000   Number         0  kod.o ABSOLUTE
    src\\main.c                              0x00000000   Number         0  main.o ABSOLUTE
    src\\moje.c                              0x00000000   Number         0  moje.o ABSOLUTE
    src\\stm32f4xx_it.c                      0x00000000   Number         0  stm32f4xx_it.o ABSOLUTE
    src\\system_stm32f4xx.c                  0x00000000   Number         0  system_stm32f4xx.o ABSOLUTE
    src\kod.c                                0x00000000   Number         0  kod.o ABSOLUTE
    src\main.c                               0x00000000   Number         0  main.o ABSOLUTE
    src\moje.c                               0x00000000   Number         0  moje.o ABSOLUTE
    src\stm32f4xx_it.c                       0x00000000   Number         0  stm32f4xx_it.o ABSOLUTE
    src\system_stm32f4xx.c                   0x00000000   Number         0  system_stm32f4xx.o ABSOLUTE
    startup_stm32f40xx.s                     0x00000000   Number         0  startup_stm32f40xx.o ABSOLUTE
    RESET                                    0x08000000   Section      392  startup_stm32f40xx.o(RESET)
    !!!main                                  0x08000188   Section        8  __main.o(!!!main)
    !!!scatter                               0x08000190   Section       52  __scatter.o(!!!scatter)
    !!dclz77c                                0x080001c4   Section      100  __dclz77c.o(!!dclz77c)
    !!handler_zi                             0x08000228   Section       28  __scatter_zi.o(!!handler_zi)
    .ARM.Collect$$libinit$$00000000          0x08000244   Section        2  libinit.o(.ARM.Collect$$libinit$$00000000)
    .ARM.Collect$$libinit$$00000001          0x08000246   Section        4  libinit2.o(.ARM.Collect$$libinit$$00000001)
    .ARM.Collect$$libinit$$00000004          0x0800024a   Section        0  libinit2.o(.ARM.Collect$$libinit$$00000004)
    .ARM.Collect$$libinit$$0000000A          0x0800024a   Section        0  libinit2.o(.ARM.Collect$$libinit$$0000000A)
    .ARM.Collect$$libinit$$0000000C          0x0800024a   Section        0  libinit2.o(.ARM.Collect$$libinit$$0000000C)
    .ARM.Collect$$libinit$$0000000E          0x0800024a   Section        0  libinit2.o(.ARM.Collect$$libinit$$0000000E)
    .ARM.Collect$$libinit$$00000011          0x0800024a   Section        0  libinit2.o(.ARM.Collect$$libinit$$00000011)
    .ARM.Collect$$libinit$$00000013          0x0800024a   Section        0  libinit2.o(.ARM.Collect$$libinit$$00000013)
    .ARM.Collect$$libinit$$00000015          0x0800024a   Section        0  libinit2.o(.ARM.Collect$$libinit$$00000015)
    .ARM.Collect$$libinit$$00000017          0x0800024a   Section        0  libinit2.o(.ARM.Collect$$libinit$$00000017)
    .ARM.Collect$$libinit$$00000019          0x0800024a   Section        0  libinit2.o(.ARM.Collect$$libinit$$00000019)
    .ARM.Collect$$libinit$$0000001B          0x0800024a   Section        0  libinit2.o(.ARM.Collect$$libinit$$0000001B)
    .ARM.Collect$$libinit$$0000001D          0x0800024a   Section        0  libinit2.o(.ARM.Collect$$libinit$$0000001D)
    .ARM.Collect$$libinit$$0000001F          0x0800024a   Section        0  libinit2.o(.ARM.Collect$$libinit$$0000001F)
    .ARM.Collect$$libinit$$00000021          0x0800024a   Section        0  libinit2.o(.ARM.Collect$$libinit$$00000021)
    .ARM.Collect$$libinit$$00000023          0x0800024a   Section        0  libinit2.o(.ARM.Collect$$libinit$$00000023)
    .ARM.Collect$$libinit$$00000025          0x0800024a   Section        0  libinit2.o(.ARM.Collect$$libinit$$00000025)
    .ARM.Collect$$libinit$$0000002C          0x0800024a   Section        0  libinit2.o(.ARM.Collect$$libinit$$0000002C)
    .ARM.Collect$$libinit$$0000002E          0x0800024a   Section        0  libinit2.o(.ARM.Collect$$libinit$$0000002E)
    .ARM.Collect$$libinit$$00000030          0x0800024a   Section        0  libinit2.o(.ARM.Collect$$libinit$$00000030)
    .ARM.Collect$$libinit$$00000032          0x0800024a   Section        0  libinit2.o(.ARM.Collect$$libinit$$00000032)
    .ARM.Collect$$libinit$$00000033          0x0800024a   Section        2  libinit2.o(.ARM.Collect$$libinit$$00000033)
    .ARM.Collect$$libshutdown$$00000000      0x0800024c   Section        2  libshutdown.o(.ARM.Collect$$libshutdown$$00000000)
    .ARM.Collect$$libshutdown$$00000002      0x0800024e   Section        0  libshutdown2.o(.ARM.Collect$$libshutdown$$00000002)
    .ARM.Collect$$libshutdown$$00000004      0x0800024e   Section        0  libshutdown2.o(.ARM.Collect$$libshutdown$$00000004)
    .ARM.Collect$$libshutdown$$00000007      0x0800024e   Section        0  libshutdown2.o(.ARM.Collect$$libshutdown$$00000007)
    .ARM.Collect$$libshutdown$$0000000A      0x0800024e   Section        0  libshutdown2.o(.ARM.Collect$$libshutdown$$0000000A)
    .ARM.Collect$$libshutdown$$0000000C      0x0800024e   Section        0  libshutdown2.o(.ARM.Collect$$libshutdown$$0000000C)
    .ARM.Collect$$libshutdown$$0000000F      0x0800024e   Section        0  libshutdown2.o(.ARM.Collect$$libshutdown$$0000000F)
    .ARM.Collect$$libshutdown$$00000010      0x0800024e   Section        2  libshutdown2.o(.ARM.Collect$$libshutdown$$00000010)
    .ARM.Collect$$rtentry$$00000000          0x08000250   Section        0  __rtentry.o(.ARM.Collect$$rtentry$$00000000)
    .ARM.Collect$$rtentry$$00000002          0x08000250   Section        0  __rtentry2.o(.ARM.Collect$$rtentry$$00000002)
    .ARM.Collect$$rtentry$$00000004          0x08000250   Section        6  __rtentry4.o(.ARM.Collect$$rtentry$$00000004)
    .ARM.Collect$$rtentry$$00000009          0x08000256   Section        0  __rtentry2.o(.ARM.Collect$$rtentry$$00000009)
    .ARM.Collect$$rtentry$$0000000A          0x08000256   Section        4  __rtentry2.o(.ARM.Collect$$rtentry$$0000000A)
    .ARM.Collect$$rtentry$$0000000C          0x0800025a   Section        0  __rtentry2.o(.ARM.Collect$$rtentry$$0000000C)
    .ARM.Collect$$rtentry$$0000000D          0x0800025a   Section        8  __rtentry2.o(.ARM.Collect$$rtentry$$0000000D)
    .ARM.Collect$$rtexit$$00000000           0x08000262   Section        2  rtexit.o(.ARM.Collect$$rtexit$$00000000)
    .ARM.Collect$$rtexit$$00000002           0x08000264   Section        0  rtexit2.o(.ARM.Collect$$rtexit$$00000002)
    .ARM.Collect$$rtexit$$00000003           0x08000264   Section        4  rtexit2.o(.ARM.Collect$$rtexit$$00000003)
    .ARM.Collect$$rtexit$$00000004           0x08000268   Section        6  rtexit2.o(.ARM.Collect$$rtexit$$00000004)
    .text                                    0x08000270   Section       64  startup_stm32f40xx.o(.text)
    $v0                                      0x08000270   Number         0  startup_stm32f40xx.o(.text)
    .text                                    0x080002b0   Section        0  pdm_filter.o(.text)
    .text                                    0x08000eac   Section        0  arm_cmplx_mag_f32.o(.text)
    .text                                    0x08000fd4   Section        0  arm_rfft_f32.o(.text)
    .text                                    0x08001318   Section        0  arm_rfft_init_f32.o(.text)
    .text                                    0x08001394   Section        0  arm_cfft_radix4_f32.o(.text)
    .text                                    0x08001ec8   Section        0  arm_cfft_radix4_init_f32.o(.text)
    .text                                    0x08001f70   Section        0  arm_bitreversal.o(.text)
    .text                                    0x08002142   Section        0  heapauxi.o(.text)
    .text                                    0x08002148   Section        0  _rserrno.o(.text)
    .text                                    0x08002160   Section        8  rt_errno_addr_intlibspace.o(.text)
    .text                                    0x08002168   Section        8  libspace.o(.text)
    .text                                    0x08002170   Section       74  sys_stackheap_outer.o(.text)
    .text                                    0x080021ba   Section        0  exit.o(.text)
    .text                                    0x080021cc   Section        0  sys_exit.o(.text)
    .text                                    0x080021d8   Section        2  use_no_semi.o(.text)
    .text                                    0x080021da   Section        0  indicate_semi.o(.text)
    i.BusFault_Handler                       0x080021da   Section        0  stm32f4xx_it.o(i.BusFault_Handler)
    i.DebugMon_Handler                       0x080021de   Section        0  stm32f4xx_it.o(i.DebugMon_Handler)
    i.Delay                                  0x080021e0   Section        0  moje.o(i.Delay)
    i.GPIO_Init                              0x080021f4   Section        0  stm32f4xx_gpio.o(i.GPIO_Init)
    i.GPIO_PinAFConfig                       0x08002284   Section        0  stm32f4xx_gpio.o(i.GPIO_PinAFConfig)
    i.GPIO_SetBits                           0x080022ca   Section        0  stm32f4xx_gpio.o(i.GPIO_SetBits)
    i.GPIO_ToggleBits                        0x080022ce   Section        0  stm32f4xx_gpio.o(i.GPIO_ToggleBits)
    i.HardFault_Handler                      0x080022d6   Section        0  stm32f4xx_it.o(i.HardFault_Handler)
    i.I2S_Cmd                                0x080022da   Section        0  stm32f4xx_spi.o(i.I2S_Cmd)
    i.I2S_Init                               0x080022f4   Section        0  stm32f4xx_spi.o(i.I2S_Init)
    i.MemManage_Handler                      0x0800248c   Section        0  stm32f4xx_it.o(i.MemManage_Handler)
    i.NMI_Handler                            0x08002490   Section        0  stm32f4xx_it.o(i.NMI_Handler)
    i.NVIC_Init                              0x08002494   Section        0  misc.o(i.NVIC_Init)
    i.NVIC_PriorityGroupConfig               0x0800250c   Section        0  misc.o(i.NVIC_PriorityGroupConfig)
    i.PendSV_Handler                         0x08002520   Section        0  stm32f4xx_it.o(i.PendSV_Handler)
    i.RCC_AHB1PeriphClockCmd                 0x08002524   Section        0  stm32f4xx_rcc.o(i.RCC_AHB1PeriphClockCmd)
    i.RCC_APB1PeriphClockCmd                 0x08002544   Section        0  stm32f4xx_rcc.o(i.RCC_APB1PeriphClockCmd)
    i.RCC_APB1PeriphResetCmd                 0x08002564   Section        0  stm32f4xx_rcc.o(i.RCC_APB1PeriphResetCmd)
    i.RCC_APB2PeriphResetCmd                 0x08002584   Section        0  stm32f4xx_rcc.o(i.RCC_APB2PeriphResetCmd)
    i.RCC_PLLI2SCmd                          0x080025a4   Section        0  stm32f4xx_rcc.o(i.RCC_PLLI2SCmd)
    i.SPI2_IRQHandler                        0x080025b0   Section        0  stm32f4xx_it.o(i.SPI2_IRQHandler)
    i.SPI_I2S_DeInit                         0x08002638   Section        0  stm32f4xx_spi.o(i.SPI_I2S_DeInit)
    i.SPI_I2S_GetITStatus                    0x080026e8   Section        0  stm32f4xx_spi.o(i.SPI_I2S_GetITStatus)
    i.SPI_I2S_ITConfig                       0x0800271c   Section        0  stm32f4xx_spi.o(i.SPI_I2S_ITConfig)
    i.SPI_I2S_ReceiveData                    0x0800273c   Section        0  stm32f4xx_spi.o(i.SPI_I2S_ReceiveData)
    i.SVC_Handler                            0x08002742   Section        0  stm32f4xx_it.o(i.SVC_Handler)
    i.SetSysClock                            0x08002744   Section        0  system_stm32f4xx.o(i.SetSysClock)
    SetSysClock                              0x08002745   Thumb Code   220  system_stm32f4xx.o(i.SetSysClock)
    i.SysTick_Handler                        0x08002830   Section        0  stm32f4xx_it.o(i.SysTick_Handler)
    i.SystemInit                             0x08002834   Section        0  system_stm32f4xx.o(i.SystemInit)
    i.USART1_IRQHandler                      0x0800289c   Section        0  stm32f4xx_it.o(i.USART1_IRQHandler)
    i.USART_GetFlagStatus                    0x080028b0   Section        0  stm32f4xx_usart.o(i.USART_GetFlagStatus)
    i.USART_SendData                         0x080028ca   Section        0  stm32f4xx_usart.o(i.USART_SendData)
    i.USART_putf                             0x080028d2   Section        0  moje.o(i.USART_putf)
    i.UsageFault_Handler                     0x0800290c   Section        0  stm32f4xx_it.o(i.UsageFault_Handler)
    i._GPIO                                  0x08002910   Section        0  kod.o(i._GPIO)
    i._I2S                                   0x080029a0   Section        0  kod.o(i._I2S)
    i._LED                                   0x080029fc   Section        0  moje.o(i._LED)
    i._NVIC                                  0x08002a34   Section        0  kod.o(i._NVIC)
    i.main                                   0x08002a74   Section        0  main.o(i.main)
    i.sqrtf                                  0x08002b9c   Section        0  sqrtf.o(i.sqrtf)
    x$fpl$dadd                               0x08002bdc   Section      336  daddsub_clz.o(x$fpl$dadd)
    $v0                                      0x08002bdc   Number         0  daddsub_clz.o(x$fpl$dadd)
    _dadd1                                   0x08002bed   Thumb Code     0  daddsub_clz.o(x$fpl$dadd)
    x$fpl$ddiv                               0x08002d2c   Section      688  ddiv.o(x$fpl$ddiv)
    $v0                                      0x08002d2c   Number         0  ddiv.o(x$fpl$ddiv)
    ddiv_entry                               0x08002d33   Thumb Code     0  ddiv.o(x$fpl$ddiv)
    x$fpl$dfixu                              0x08002fdc   Section       90  dfixu.o(x$fpl$dfixu)
    $v0                                      0x08002fdc   Number         0  dfixu.o(x$fpl$dfixu)
    x$fpl$dfltu                              0x08003036   Section       38  dflt_clz.o(x$fpl$dfltu)
    $v0                                      0x08003036   Number         0  dflt_clz.o(x$fpl$dfltu)
    x$fpl$dmul                               0x0800305c   Section      340  dmul.o(x$fpl$dmul)
    $v0                                      0x0800305c   Number         0  dmul.o(x$fpl$dmul)
    x$fpl$dnaninf                            0x080031b0   Section      156  dnaninf.o(x$fpl$dnaninf)
    $v0                                      0x080031b0   Number         0  dnaninf.o(x$fpl$dnaninf)
    x$fpl$dretinf                            0x0800324c   Section       12  dretinf.o(x$fpl$dretinf)
    $v0                                      0x0800324c   Number         0  dretinf.o(x$fpl$dretinf)
    x$fpl$dsub                               0x08003258   Section      468  daddsub_clz.o(x$fpl$dsub)
    $v0                                      0x08003258   Number         0  daddsub_clz.o(x$fpl$dsub)
    _dsub1                                   0x08003269   Thumb Code     0  daddsub_clz.o(x$fpl$dsub)
    x$fpl$f2d                                0x0800342c   Section       86  f2d.o(x$fpl$f2d)
    $v0                                      0x0800342c   Number         0  f2d.o(x$fpl$f2d)
    x$fpl$fadd                               0x08003482   Section       18  faddsub_clz.o(x$fpl$fadd)
    $v0                                      0x08003482   Number         0  faddsub_clz.o(x$fpl$fadd)
    x$fpl$fcheck1                            0x08003494   Section       12  fcheck1.o(x$fpl$fcheck1)
    $v0                                      0x08003494   Number         0  fcheck1.o(x$fpl$fcheck1)
    x$fpl$fmul                               0x080034a0   Section       18  fmul.o(x$fpl$fmul)
    $v0                                      0x080034a0   Number         0  fmul.o(x$fpl$fmul)
    x$fpl$fnaninf                            0x080034b2   Section      140  fnaninf.o(x$fpl$fnaninf)
    $v0                                      0x080034b2   Number         0  fnaninf.o(x$fpl$fnaninf)
    x$fpl$fpinit                             0x0800353e   Section       10  fpinit.o(x$fpl$fpinit)
    $v0                                      0x0800353e   Number         0  fpinit.o(x$fpl$fpinit)
    x$fpl$frsb                               0x08003548   Section       18  faddsub_clz.o(x$fpl$frsb)
    $v0                                      0x08003548   Number         0  faddsub_clz.o(x$fpl$frsb)
    x$fpl$fsub                               0x0800355a   Section       18  faddsub_clz.o(x$fpl$fsub)
    $v0                                      0x0800355a   Number         0  faddsub_clz.o(x$fpl$fsub)
    x$fpl$retnan                             0x0800356c   Section      100  retnan.o(x$fpl$retnan)
    $v0                                      0x0800356c   Number         0  retnan.o(x$fpl$retnan)
    x$fpl$scalbnf                            0x080035d0   Section       76  scalbnf.o(x$fpl$scalbnf)
    $v0                                      0x080035d0   Number         0  scalbnf.o(x$fpl$scalbnf)
    x$fpl$trapveneer                         0x0800361c   Section       48  trapv.o(x$fpl$trapveneer)
    $v0                                      0x0800361c   Number         0  trapv.o(x$fpl$trapveneer)
    .constdata                               0x0800364c   Section    65536  arm_rfft_init_f32.o(.constdata)
    x$fpl$usenofp                            0x0800364c   Section        0  usenofp.o(x$fpl$usenofp)
    realCoefA                                0x0800364c   Data       32768  arm_rfft_init_f32.o(.constdata)
    realCoefB                                0x0800b64c   Data       32768  arm_rfft_init_f32.o(.constdata)
    .constdata                               0x0801364c   Section     2048  arm_common_tables.o(.constdata)
    .constdata                               0x08013e4c   Section    32768  arm_common_tables.o(.constdata)
    .data                                    0x20000000   Section       26  main.o(.data)
    TimingDelay                              0x20000000   Data           4  main.o(.data)
    .data                                    0x2000001c   Section        8  stm32f4xx_it.o(.data)
    TimingDelay                              0x2000001c   Data           4  stm32f4xx_it.o(.data)
    .data                                    0x20000024   Section       16  kod.o(.data)
    TimingDelay                              0x20000024   Data           4  kod.o(.data)
    .data                                    0x20000034   Section      772  pdm_filter.o(.data)
    .bss                                     0x20000338   Section    11708  main.o(.bss)
    .bss                                     0x200030f4   Section       84  kod.o(.bss)
    .bss                                     0x20003148   Section       96  libspace.o(.bss)
    HEAP                                     0x200031a8   Section      512  startup_stm32f40xx.o(HEAP)
    Heap_Mem                                 0x200031a8   Data         512  startup_stm32f40xx.o(HEAP)
    STACK                                    0x200033a8   Section     1024  startup_stm32f40xx.o(STACK)
    Stack_Mem                                0x200033a8   Data        1024  startup_stm32f40xx.o(STACK)
    __initial_sp                             0x200037a8   Data           0  startup_stm32f40xx.o(STACK)

    Global Symbols

    Symbol Name                              Value     Ov Type        Size  Object(Section)

    BuildAttributes$$THM_ISAv4$E$P$D$K$B$S$7EM$VFPi3$EXTD16$VFPS$VFMA$PE$A:L22UL41UL21$X:L11$S22US41US21$IEEE1$IW$USESV6$~STKCKD$USESV7$~SHL$OTIME$ROPI$IEEEJ$EBA8$UX$STANDARDLIB$REQ8$PRES8$EABIv2 0x00000000   Number         0  anon$$obj.o ABSOLUTE
    __ARM_use_no_argv                        0x00000000   Number         0  main.o ABSOLUTE
    __ARM_exceptions_init                     - Undefined Weak Reference
    __alloca_initialize                       - Undefined Weak Reference
    __arm_preinit_                            - Undefined Weak Reference
    __cpp_initialize__aeabi_                  - Undefined Weak Reference
    __cxa_finalize                            - Undefined Weak Reference
    __rt_locale                               - Undefined Weak Reference
    __sigvec_lookup                           - Undefined Weak Reference
    _atexit_init                              - Undefined Weak Reference
    _call_atexit_fns                          - Undefined Weak Reference
    _clock_init                               - Undefined Weak Reference
    _fp_trap_init                             - Undefined Weak Reference
    _fp_trap_shutdown                         - Undefined Weak Reference
    _get_lc_collate                           - Undefined Weak Reference
    _get_lc_ctype                             - Undefined Weak Reference
    _get_lc_monetary                          - Undefined Weak Reference
    _get_lc_numeric                           - Undefined Weak Reference
    _get_lc_time                              - Undefined Weak Reference
    _getenv_init                              - Undefined Weak Reference
    _handle_redirection                       - Undefined Weak Reference
    _init_alloc                               - Undefined Weak Reference
    _init_user_alloc                          - Undefined Weak Reference
    _initio                                   - Undefined Weak Reference
    _rand_init                                - Undefined Weak Reference
    _signal_finish                            - Undefined Weak Reference
    _signal_init                              - Undefined Weak Reference
    _terminate_alloc                          - Undefined Weak Reference
    _terminate_user_alloc                     - Undefined Weak Reference
    _terminateio                              - Undefined Weak Reference
    __Vectors_Size                           0x00000188   Number         0  startup_stm32f40xx.o ABSOLUTE
    __Vectors                                0x08000000   Data           4  startup_stm32f40xx.o(RESET)
    __Vectors_End                            0x08000188   Data           0  startup_stm32f40xx.o(RESET)
    __main                                   0x08000189   Thumb Code     8  __main.o(!!!main)
    __scatterload                            0x08000191   Thumb Code     0  __scatter.o(!!!scatter)
    __scatterload_rt2                        0x08000191   Thumb Code    44  __scatter.o(!!!scatter)
    __scatterload_rt2_thumb_only             0x08000191   Thumb Code     0  __scatter.o(!!!scatter)
    __scatterload_null                       0x0800019f   Thumb Code     0  __scatter.o(!!!scatter)
    __decompress                             0x080001c5   Thumb Code   100  __dclz77c.o(!!dclz77c)
    __decompress2                            0x080001c5   Thumb Code     0  __dclz77c.o(!!dclz77c)
    __scatterload_zeroinit                   0x08000229   Thumb Code    28  __scatter_zi.o(!!handler_zi)
    __rt_lib_init                            0x08000245   Thumb Code     0  libinit.o(.ARM.Collect$$libinit$$00000000)
    __rt_lib_init_fp_1                       0x08000247   Thumb Code     0  libinit2.o(.ARM.Collect$$libinit$$00000001)
    __rt_lib_init_alloca_1                   0x0800024b   Thumb Code     0  libinit2.o(.ARM.Collect$$libinit$$0000002E)
    __rt_lib_init_argv_1                     0x0800024b   Thumb Code     0  libinit2.o(.ARM.Collect$$libinit$$0000002C)
    __rt_lib_init_atexit_1                   0x0800024b   Thumb Code     0  libinit2.o(.ARM.Collect$$libinit$$0000001B)
    __rt_lib_init_clock_1                    0x0800024b   Thumb Code     0  libinit2.o(.ARM.Collect$$libinit$$00000021)
    __rt_lib_init_cpp_1                      0x0800024b   Thumb Code     0  libinit2.o(.ARM.Collect$$libinit$$00000032)
    __rt_lib_init_exceptions_1               0x0800024b   Thumb Code     0  libinit2.o(.ARM.Collect$$libinit$$00000030)
    __rt_lib_init_fp_trap_1                  0x0800024b   Thumb Code     0  libinit2.o(.ARM.Collect$$libinit$$0000001F)
    __rt_lib_init_getenv_1                   0x0800024b   Thumb Code     0  libinit2.o(.ARM.Collect$$libinit$$00000023)
    __rt_lib_init_heap_1                     0x0800024b   Thumb Code     0  libinit2.o(.ARM.Collect$$libinit$$0000000A)
    __rt_lib_init_lc_collate_1               0x0800024b   Thumb Code     0  libinit2.o(.ARM.Collect$$libinit$$00000011)
    __rt_lib_init_lc_ctype_1                 0x0800024b   Thumb Code     0  libinit2.o(.ARM.Collect$$libinit$$00000013)
    __rt_lib_init_lc_monetary_1              0x0800024b   Thumb Code     0  libinit2.o(.ARM.Collect$$libinit$$00000015)
    __rt_lib_init_lc_numeric_1               0x0800024b   Thumb Code     0  libinit2.o(.ARM.Collect$$libinit$$00000017)
    __rt_lib_init_lc_time_1                  0x0800024b   Thumb Code     0  libinit2.o(.ARM.Collect$$libinit$$00000019)
    __rt_lib_init_preinit_1                  0x0800024b   Thumb Code     0  libinit2.o(.ARM.Collect$$libinit$$00000004)
    __rt_lib_init_rand_1                     0x0800024b   Thumb Code     0  libinit2.o(.ARM.Collect$$libinit$$0000000E)
    __rt_lib_init_return                     0x0800024b   Thumb Code     0  libinit2.o(.ARM.Collect$$libinit$$00000033)
    __rt_lib_init_signal_1                   0x0800024b   Thumb Code     0  libinit2.o(.ARM.Collect$$libinit$$0000001D)
    __rt_lib_init_stdio_1                    0x0800024b   Thumb Code     0  libinit2.o(.ARM.Collect$$libinit$$00000025)
    __rt_lib_init_user_alloc_1               0x0800024b   Thumb Code     0  libinit2.o(.ARM.Collect$$libinit$$0000000C)
    __rt_lib_shutdown                        0x0800024d   Thumb Code     0  libshutdown.o(.ARM.Collect$$libshutdown$$00000000)
    __rt_lib_shutdown_cpp_1                  0x0800024f   Thumb Code     0  libshutdown2.o(.ARM.Collect$$libshutdown$$00000002)
    __rt_lib_shutdown_fp_trap_1              0x0800024f   Thumb Code     0  libshutdown2.o(.ARM.Collect$$libshutdown$$00000007)
    __rt_lib_shutdown_heap_1                 0x0800024f   Thumb Code     0  libshutdown2.o(.ARM.Collect$$libshutdown$$0000000F)
    __rt_lib_shutdown_return                 0x0800024f   Thumb Code     0  libshutdown2.o(.ARM.Collect$$libshutdown$$00000010)
    __rt_lib_shutdown_signal_1               0x0800024f   Thumb Code     0  libshutdown2.o(.ARM.Collect$$libshutdown$$0000000A)
    __rt_lib_shutdown_stdio_1                0x0800024f   Thumb Code     0  libshutdown2.o(.ARM.Collect$$libshutdown$$00000004)
    __rt_lib_shutdown_user_alloc_1           0x0800024f   Thumb Code     0  libshutdown2.o(.ARM.Collect$$libshutdown$$0000000C)
    __rt_entry                               0x08000251   Thumb Code     0  __rtentry.o(.ARM.Collect$$rtentry$$00000000)
    __rt_entry_presh_1                       0x08000251   Thumb Code     0  __rtentry2.o(.ARM.Collect$$rtentry$$00000002)
    __rt_entry_sh                            0x08000251   Thumb Code     0  __rtentry4.o(.ARM.Collect$$rtentry$$00000004)
    __rt_entry_li                            0x08000257   Thumb Code     0  __rtentry2.o(.ARM.Collect$$rtentry$$0000000A)
    __rt_entry_postsh_1                      0x08000257   Thumb Code     0  __rtentry2.o(.ARM.Collect$$rtentry$$00000009)
    __rt_entry_main                          0x0800025b   Thumb Code     0  __rtentry2.o(.ARM.Collect$$rtentry$$0000000D)
    __rt_entry_postli_1                      0x0800025b   Thumb Code     0  __rtentry2.o(.ARM.Collect$$rtentry$$0000000C)
    __rt_exit                                0x08000263   Thumb Code     0  rtexit.o(.ARM.Collect$$rtexit$$00000000)
    __rt_exit_ls                             0x08000265   Thumb Code     0  rtexit2.o(.ARM.Collect$$rtexit$$00000003)
    __rt_exit_prels_1                        0x08000265   Thumb Code     0  rtexit2.o(.ARM.Collect$$rtexit$$00000002)
    __rt_exit_exit                           0x08000269   Thumb Code     0  rtexit2.o(.ARM.Collect$$rtexit$$00000004)
    Reset_Handler                            0x08000271   Thumb Code     8  startup_stm32f40xx.o(.text)
    ADC_IRQHandler                           0x0800028b   Thumb Code     0  startup_stm32f40xx.o(.text)
    CAN1_RX0_IRQHandler                      0x0800028b   Thumb Code     0  startup_stm32f40xx.o(.text)
    CAN1_RX1_IRQHandler                      0x0800028b   Thumb Code     0  startup_stm32f40xx.o(.text)
    CAN1_SCE_IRQHandler                      0x0800028b   Thumb Code     0  startup_stm32f40xx.o(.text)
    CAN1_TX_IRQHandler                       0x0800028b   Thumb Code     0  startup_stm32f40xx.o(.text)
    CAN2_RX0_IRQHandler                      0x0800028b   Thumb Code     0  startup_stm32f40xx.o(.text)
    CAN2_RX1_IRQHandler                      0x0800028b   Thumb Code     0  startup_stm32f40xx.o(.text)
    CAN2_SCE_IRQHandler                      0x0800028b   Thumb Code     0  startup_stm32f40xx.o(.text)
    CAN2_TX_IRQHandler                       0x0800028b   Thumb Code     0  startup_stm32f40xx.o(.text)
    CRYP_IRQHandler                          0x0800028b   Thumb Code     0  startup_stm32f40xx.o(.text)
    DCMI_IRQHandler                          0x0800028b   Thumb Code     0  startup_stm32f40xx.o(.text)
    DMA1_Stream0_IRQHandler                  0x0800028b   Thumb Code     0  startup_stm32f40xx.o(.text)
    DMA1_Stream1_IRQHandler                  0x0800028b   Thumb Code     0  startup_stm32f40xx.o(.text)
    DMA1_Stream2_IRQHandler                  0x0800028b   Thumb Code     0  startup_stm32f40xx.o(.text)
    DMA1_Stream3_IRQHandler                  0x0800028b   Thumb Code     0  startup_stm32f40xx.o(.text)
    DMA1_Stream4_IRQHandler                  0x0800028b   Thumb Code     0  startup_stm32f40xx.o(.text)
    DMA1_Stream5_IRQHandler                  0x0800028b   Thumb Code     0  startup_stm32f40xx.o(.text)
    DMA1_Stream6_IRQHandler                  0x0800028b   Thumb Code     0  startup_stm32f40xx.o(.text)
    DMA1_Stream7_IRQHandler                  0x0800028b   Thumb Code     0  startup_stm32f40xx.o(.text)
    DMA2_Stream0_IRQHandler                  0x0800028b   Thumb Code     0  startup_stm32f40xx.o(.text)
    DMA2_Stream1_IRQHandler                  0x0800028b   Thumb Code     0  startup_stm32f40xx.o(.text)
    DMA2_Stream2_IRQHandler                  0x0800028b   Thumb Code     0  startup_stm32f40xx.o(.text)
    DMA2_Stream3_IRQHandler                  0x0800028b   Thumb Code     0  startup_stm32f40xx.o(.text)
    DMA2_Stream4_IRQHandler                  0x0800028b   Thumb Code     0  startup_stm32f40xx.o(.text)
    DMA2_Stream5_IRQHandler                  0x0800028b   Thumb Code     0  startup_stm32f40xx.o(.text)
    DMA2_Stream6_IRQHandler                  0x0800028b   Thumb Code     0  startup_stm32f40xx.o(.text)
    DMA2_Stream7_IRQHandler                  0x0800028b   Thumb Code     0  startup_stm32f40xx.o(.text)
    ETH_IRQHandler                           0x0800028b   Thumb Code     0  startup_stm32f40xx.o(.text)
    ETH_WKUP_IRQHandler                      0x0800028b   Thumb Code     0  startup_stm32f40xx.o(.text)
    EXTI0_IRQHandler                         0x0800028b   Thumb Code     0  startup_stm32f40xx.o(.text)
    EXTI15_10_IRQHandler                     0x0800028b   Thumb Code     0  startup_stm32f40xx.o(.text)
    EXTI1_IRQHandler                         0x0800028b   Thumb Code     0  startup_stm32f40xx.o(.text)
    EXTI2_IRQHandler                         0x0800028b   Thumb Code     0  startup_stm32f40xx.o(.text)
    EXTI3_IRQHandler                         0x0800028b   Thumb Code     0  startup_stm32f40xx.o(.text)
    EXTI4_IRQHandler                         0x0800028b   Thumb Code     0  startup_stm32f40xx.o(.text)
    EXTI9_5_IRQHandler                       0x0800028b   Thumb Code     0  startup_stm32f40xx.o(.text)
    FLASH_IRQHandler                         0x0800028b   Thumb Code     0  startup_stm32f40xx.o(.text)
    FPU_IRQHandler                           0x0800028b   Thumb Code     0  startup_stm32f40xx.o(.text)
    FSMC_IRQHandler                          0x0800028b   Thumb Code     0  startup_stm32f40xx.o(.text)
    HASH_RNG_IRQHandler                      0x0800028b   Thumb Code     0  startup_stm32f40xx.o(.text)
    I2C1_ER_IRQHandler                       0x0800028b   Thumb Code     0  startup_stm32f40xx.o(.text)
    I2C1_EV_IRQHandler                       0x0800028b   Thumb Code     0  startup_stm32f40xx.o(.text)
    I2C2_ER_IRQHandler                       0x0800028b   Thumb Code     0  startup_stm32f40xx.o(.text)
    I2C2_EV_IRQHandler                       0x0800028b   Thumb Code     0  startup_stm32f40xx.o(.text)
    I2C3_ER_IRQHandler                       0x0800028b   Thumb Code     0  startup_stm32f40xx.o(.text)
    I2C3_EV_IRQHandler                       0x0800028b   Thumb Code     0  startup_stm32f40xx.o(.text)
    OTG_FS_IRQHandler                        0x0800028b   Thumb Code     0  startup_stm32f40xx.o(.text)
    OTG_FS_WKUP_IRQHandler                   0x0800028b   Thumb Code     0  startup_stm32f40xx.o(.text)
    OTG_HS_EP1_IN_IRQHandler                 0x0800028b   Thumb Code     0  startup_stm32f40xx.o(.text)
    OTG_HS_EP1_OUT_IRQHandler                0x0800028b   Thumb Code     0  startup_stm32f40xx.o(.text)
    OTG_HS_IRQHandler                        0x0800028b   Thumb Code     0  startup_stm32f40xx.o(.text)
    OTG_HS_WKUP_IRQHandler                   0x0800028b   Thumb Code     0  startup_stm32f40xx.o(.text)
    PVD_IRQHandler                           0x0800028b   Thumb Code     0  startup_stm32f40xx.o(.text)
    RCC_IRQHandler                           0x0800028b   Thumb Code     0  startup_stm32f40xx.o(.text)
    RTC_Alarm_IRQHandler                     0x0800028b   Thumb Code     0  startup_stm32f40xx.o(.text)
    RTC_WKUP_IRQHandler                      0x0800028b   Thumb Code     0  startup_stm32f40xx.o(.text)
    SDIO_IRQHandler                          0x0800028b   Thumb Code     0  startup_stm32f40xx.o(.text)
    SPI1_IRQHandler                          0x0800028b   Thumb Code     0  startup_stm32f40xx.o(.text)
    SPI3_IRQHandler                          0x0800028b   Thumb Code     0  startup_stm32f40xx.o(.text)
    TAMP_STAMP_IRQHandler                    0x0800028b   Thumb Code     0  startup_stm32f40xx.o(.text)
    TIM1_BRK_TIM9_IRQHandler                 0x0800028b   Thumb Code     0  startup_stm32f40xx.o(.text)
    TIM1_CC_IRQHandler                       0x0800028b   Thumb Code     0  startup_stm32f40xx.o(.text)
    TIM1_TRG_COM_TIM11_IRQHandler            0x0800028b   Thumb Code     0  startup_stm32f40xx.o(.text)
    TIM1_UP_TIM10_IRQHandler                 0x0800028b   Thumb Code     0  startup_stm32f40xx.o(.text)
    TIM2_IRQHandler                          0x0800028b   Thumb Code     0  startup_stm32f40xx.o(.text)
    TIM3_IRQHandler                          0x0800028b   Thumb Code     0  startup_stm32f40xx.o(.text)
    TIM4_IRQHandler                          0x0800028b   Thumb Code     0  startup_stm32f40xx.o(.text)
    TIM5_IRQHandler                          0x0800028b   Thumb Code     0  startup_stm32f40xx.o(.text)
    TIM6_DAC_IRQHandler                      0x0800028b   Thumb Code     0  startup_stm32f40xx.o(.text)
    TIM7_IRQHandler                          0x0800028b   Thumb Code     0  startup_stm32f40xx.o(.text)
    TIM8_BRK_TIM12_IRQHandler                0x0800028b   Thumb Code     0  startup_stm32f40xx.o(.text)
    TIM8_CC_IRQHandler                       0x0800028b   Thumb Code     0  startup_stm32f40xx.o(.text)
    TIM8_TRG_COM_TIM14_IRQHandler            0x0800028b   Thumb Code     0  startup_stm32f40xx.o(.text)
    TIM8_UP_TIM13_IRQHandler                 0x0800028b   Thumb Code     0  startup_stm32f40xx.o(.text)
    UART4_IRQHandler                         0x0800028b   Thumb Code     0  startup_stm32f40xx.o(.text)
    UART5_IRQHandler                         0x0800028b   Thumb Code     0  startup_stm32f40xx.o(.text)
    USART2_IRQHandler                        0x0800028b   Thumb Code     0  startup_stm32f40xx.o(.text)
    USART3_IRQHandler                        0x0800028b   Thumb Code     0  startup_stm32f40xx.o(.text)
    USART6_IRQHandler                        0x0800028b   Thumb Code     0  startup_stm32f40xx.o(.text)
    WWDG_IRQHandler                          0x0800028b   Thumb Code     0  startup_stm32f40xx.o(.text)
    __user_initial_stackheap                 0x0800028d   Thumb Code     0  startup_stm32f40xx.o(.text)
    PDM_Filter_Init                          0x080002b1   Thumb Code   222  pdm_filter.o(.text)
    PDM_Filter_64_LSB                        0x0800038f   Thumb Code   660  pdm_filter.o(.text)
    PDM_Filter_80_LSB                        0x08000623   Thumb Code   692  pdm_filter.o(.text)
    PDM_Filter_64_MSB                        0x080008d7   Thumb Code   658  pdm_filter.o(.text)
    PDM_Filter_80_MSB                        0x08000b69   Thumb Code   830  pdm_filter.o(.text)
    arm_cmplx_mag_f32                        0x08000ead   Thumb Code   296  arm_cmplx_mag_f32.o(.text)
    arm_split_rfft_f32                       0x08000fd5   Thumb Code   290  arm_rfft_f32.o(.text)
    arm_split_rifft_f32                      0x080010f7   Thumb Code   206  arm_rfft_f32.o(.text)
    arm_rfft_f32                             0x080011c5   Thumb Code   338  arm_rfft_f32.o(.text)
    arm_rfft_init_f32                        0x08001319   Thumb Code   120  arm_rfft_init_f32.o(.text)
    arm_radix4_butterfly_f32                 0x08001395   Thumb Code  1362  arm_cfft_radix4_f32.o(.text)
    arm_radix4_butterfly_inverse_f32         0x080018e7   Thumb Code  1444  arm_cfft_radix4_f32.o(.text)
    arm_cfft_radix4_f32                      0x08001e8b   Thumb Code    62  arm_cfft_radix4_f32.o(.text)
    arm_cfft_radix4_init_f32                 0x08001ec9   Thumb Code   142  arm_cfft_radix4_init_f32.o(.text)
    arm_bitreversal_f32                      0x08001f71   Thumb Code   174  arm_bitreversal.o(.text)
    arm_bitreversal_q31                      0x0800201f   Thumb Code   170  arm_bitreversal.o(.text)
    arm_bitreversal_q15                      0x080020c9   Thumb Code   122  arm_bitreversal.o(.text)
    __use_two_region_memory                  0x08002143   Thumb Code     2  heapauxi.o(.text)
    __rt_heap_escrow$2region                 0x08002145   Thumb Code     2  heapauxi.o(.text)
    __rt_heap_expand$2region                 0x08002147   Thumb Code     2  heapauxi.o(.text)
    __read_errno                             0x08002149   Thumb Code    10  _rserrno.o(.text)
    __set_errno                              0x08002153   Thumb Code    12  _rserrno.o(.text)
    __aeabi_errno_addr                       0x08002161   Thumb Code     8  rt_errno_addr_intlibspace.o(.text)
    __errno$intlibspace                      0x08002161   Thumb Code     0  rt_errno_addr_intlibspace.o(.text)
    __rt_errno_addr$intlibspace              0x08002161   Thumb Code     0  rt_errno_addr_intlibspace.o(.text)
    __user_libspace                          0x08002169   Thumb Code     8  libspace.o(.text)
    __user_perproc_libspace                  0x08002169   Thumb Code     0  libspace.o(.text)
    __user_perthread_libspace                0x08002169   Thumb Code     0  libspace.o(.text)
    __user_setup_stackheap                   0x08002171   Thumb Code    74  sys_stackheap_outer.o(.text)
    exit                                     0x080021bb   Thumb Code    18  exit.o(.text)
    _sys_exit                                0x080021cd   Thumb Code     8  sys_exit.o(.text)
    __I$use$semihosting                      0x080021d9   Thumb Code     0  use_no_semi.o(.text)
    __use_no_semihosting_swi                 0x080021d9   Thumb Code     2  use_no_semi.o(.text)
    BusFault_Handler                         0x080021db   Thumb Code     4  stm32f4xx_it.o(i.BusFault_Handler)
    __semihosting_library_function           0x080021db   Thumb Code     0  indicate_semi.o(.text)
    DebugMon_Handler                         0x080021df   Thumb Code     2  stm32f4xx_it.o(i.DebugMon_Handler)
    Delay                                    0x080021e1   Thumb Code    20  moje.o(i.Delay)
    GPIO_Init                                0x080021f5   Thumb Code   144  stm32f4xx_gpio.o(i.GPIO_Init)
    GPIO_PinAFConfig                         0x08002285   Thumb Code    70  stm32f4xx_gpio.o(i.GPIO_PinAFConfig)
    GPIO_SetBits                             0x080022cb   Thumb Code     4  stm32f4xx_gpio.o(i.GPIO_SetBits)
    GPIO_ToggleBits                          0x080022cf   Thumb Code     8  stm32f4xx_gpio.o(i.GPIO_ToggleBits)
    HardFault_Handler                        0x080022d7   Thumb Code     4  stm32f4xx_it.o(i.HardFault_Handler)
    I2S_Cmd                                  0x080022db   Thumb Code    24  stm32f4xx_spi.o(i.I2S_Cmd)
    I2S_Init                                 0x080022f5   Thumb Code   396  stm32f4xx_spi.o(i.I2S_Init)
    MemManage_Handler                        0x0800248d   Thumb Code     4  stm32f4xx_it.o(i.MemManage_Handler)
    NMI_Handler                              0x08002491   Thumb Code     2  stm32f4xx_it.o(i.NMI_Handler)
    NVIC_Init                                0x08002495   Thumb Code   106  misc.o(i.NVIC_Init)
    NVIC_PriorityGroupConfig                 0x0800250d   Thumb Code    10  misc.o(i.NVIC_PriorityGroupConfig)
    PendSV_Handler                           0x08002521   Thumb Code     2  stm32f4xx_it.o(i.PendSV_Handler)
    RCC_AHB1PeriphClockCmd                   0x08002525   Thumb Code    26  stm32f4xx_rcc.o(i.RCC_AHB1PeriphClockCmd)
    RCC_APB1PeriphClockCmd                   0x08002545   Thumb Code    26  stm32f4xx_rcc.o(i.RCC_APB1PeriphClockCmd)
    RCC_APB1PeriphResetCmd                   0x08002565   Thumb Code    26  stm32f4xx_rcc.o(i.RCC_APB1PeriphResetCmd)
    RCC_APB2PeriphResetCmd                   0x08002585   Thumb Code    26  stm32f4xx_rcc.o(i.RCC_APB2PeriphResetCmd)
    RCC_PLLI2SCmd                            0x080025a5   Thumb Code     6  stm32f4xx_rcc.o(i.RCC_PLLI2SCmd)
    SPI2_IRQHandler                          0x080025b1   Thumb Code   106  stm32f4xx_it.o(i.SPI2_IRQHandler)
    SPI_I2S_DeInit                           0x08002639   Thumb Code   152  stm32f4xx_spi.o(i.SPI_I2S_DeInit)
    SPI_I2S_GetITStatus                      0x080026e9   Thumb Code    52  stm32f4xx_spi.o(i.SPI_I2S_GetITStatus)
    SPI_I2S_ITConfig                         0x0800271d   Thumb Code    32  stm32f4xx_spi.o(i.SPI_I2S_ITConfig)
    SPI_I2S_ReceiveData                      0x0800273d   Thumb Code     6  stm32f4xx_spi.o(i.SPI_I2S_ReceiveData)
    SVC_Handler                              0x08002743   Thumb Code     2  stm32f4xx_it.o(i.SVC_Handler)
    SysTick_Handler                          0x08002831   Thumb Code     2  stm32f4xx_it.o(i.SysTick_Handler)
    SystemInit                               0x08002835   Thumb Code    88  system_stm32f4xx.o(i.SystemInit)
    USART1_IRQHandler                        0x0800289d   Thumb Code    14  stm32f4xx_it.o(i.USART1_IRQHandler)
    USART_GetFlagStatus                      0x080028b1   Thumb Code    26  stm32f4xx_usart.o(i.USART_GetFlagStatus)
    USART_SendData                           0x080028cb   Thumb Code     8  stm32f4xx_usart.o(i.USART_SendData)
    USART_putf                               0x080028d3   Thumb Code    58  moje.o(i.USART_putf)
    UsageFault_Handler                       0x0800290d   Thumb Code     4  stm32f4xx_it.o(i.UsageFault_Handler)
    _GPIO                                    0x08002911   Thumb Code   132  kod.o(i._GPIO)
    _I2S                                     0x080029a1   Thumb Code    78  kod.o(i._I2S)
    _LED                                     0x080029fd   Thumb Code    50  moje.o(i._LED)
    _NVIC                                    0x08002a35   Thumb Code    60  kod.o(i._NVIC)
    main                                     0x08002a75   Thumb Code   242  main.o(i.main)
    sqrtf                                    0x08002b9d   Thumb Code    62  sqrtf.o(i.sqrtf)
    __aeabi_dadd                             0x08002bdd   Thumb Code     0  daddsub_clz.o(x$fpl$dadd)
    _dadd                                    0x08002bdd   Thumb Code   332  daddsub_clz.o(x$fpl$dadd)
    __aeabi_ddiv                             0x08002d2d   Thumb Code     0  ddiv.o(x$fpl$ddiv)
    _ddiv                                    0x08002d2d   Thumb Code   552  ddiv.o(x$fpl$ddiv)
    __aeabi_d2uiz                            0x08002fdd   Thumb Code     0  dfixu.o(x$fpl$dfixu)
    _dfixu                                   0x08002fdd   Thumb Code    90  dfixu.o(x$fpl$dfixu)
    __aeabi_ui2d                             0x08003037   Thumb Code     0  dflt_clz.o(x$fpl$dfltu)
    _dfltu                                   0x08003037   Thumb Code    38  dflt_clz.o(x$fpl$dfltu)
    __aeabi_dmul                             0x0800305d   Thumb Code     0  dmul.o(x$fpl$dmul)
    _dmul                                    0x0800305d   Thumb Code   332  dmul.o(x$fpl$dmul)
    __fpl_dnaninf                            0x080031b1   Thumb Code   156  dnaninf.o(x$fpl$dnaninf)
    __fpl_dretinf                            0x0800324d   Thumb Code    12  dretinf.o(x$fpl$dretinf)
    __aeabi_dsub                             0x08003259   Thumb Code     0  daddsub_clz.o(x$fpl$dsub)
    _dsub                                    0x08003259   Thumb Code   464  daddsub_clz.o(x$fpl$dsub)
    __aeabi_f2d                              0x0800342d   Thumb Code     0  f2d.o(x$fpl$f2d)
    _f2d                                     0x0800342d   Thumb Code    86  f2d.o(x$fpl$f2d)
    __aeabi_fadd                             0x08003483   Thumb Code     0  faddsub_clz.o(x$fpl$fadd)
    _fadd                                    0x08003483   Thumb Code    18  faddsub_clz.o(x$fpl$fadd)
    __fpl_fcheck_NaN1                        0x08003495   Thumb Code     6  fcheck1.o(x$fpl$fcheck1)
    __aeabi_fmul                             0x080034a1   Thumb Code     0  fmul.o(x$fpl$fmul)
    _fmul                                    0x080034a1   Thumb Code    18  fmul.o(x$fpl$fmul)
    __fpl_fnaninf                            0x080034b3   Thumb Code   140  fnaninf.o(x$fpl$fnaninf)
    _fp_init                                 0x0800353f   Thumb Code    10  fpinit.o(x$fpl$fpinit)
    __fplib_config_fpu_vfp                   0x08003547   Thumb Code     0  fpinit.o(x$fpl$fpinit)
    __fplib_config_pureend_doubles           0x08003547   Thumb Code     0  fpinit.o(x$fpl$fpinit)
    __aeabi_frsub                            0x08003549   Thumb Code     0  faddsub_clz.o(x$fpl$frsb)
    _frsb                                    0x08003549   Thumb Code    18  faddsub_clz.o(x$fpl$frsb)
    __aeabi_fsub                             0x0800355b   Thumb Code     0  faddsub_clz.o(x$fpl$fsub)
    _fsub                                    0x0800355b   Thumb Code    18  faddsub_clz.o(x$fpl$fsub)
    __fpl_return_NaN                         0x0800356d   Thumb Code   100  retnan.o(x$fpl$retnan)
    __ARM_scalbnf                            0x080035d1   Thumb Code    76  scalbnf.o(x$fpl$scalbnf)
    __fpl_cmpreturn                          0x0800361d   Thumb Code    48  trapv.o(x$fpl$trapveneer)
    __I$use$fp                               0x0800364c   Number         0  usenofp.o(x$fpl$usenofp)
    armBitRevTable                           0x0801364c   Data        2048  arm_common_tables.o(.constdata)
    twiddleCoef_4096                         0x08013e4c   Data       32768  arm_common_tables.o(.constdata)
    Region$$Table$$Base                      0x0801be4c   Number         0  anon$$obj.o(Region$$Table)
    Region$$Table$$Limit                     0x0801be6c   Number         0  anon$$obj.o(Region$$Table)
    speed                                    0x20000004   Data           4  main.o(.data)
    Data_Status                              0x20000008   Data           1  main.o(.data)
    z                                        0x2000000a   Data           2  main.o(.data)
    i                                        0x2000000c   Data           2  main.o(.data)
    str                                      0x2000000e   Data           1  main.o(.data)
    size_out                                 0x20000010   Data           4  main.o(.data)
    size_moout                               0x20000014   Data           4  main.o(.data)
    output                                   0x20000018   Data           2  main.o(.data)
    InternalBufferSize                       0x20000020   Data           4  stm32f4xx_it.o(.data)
    GPIO_Str                                 0x20000028   Data           8  kod.o(.data)
    NVIC_Str                                 0x20000030   Data           4  kod.o(.data)
    stm32_crc                                0x20000034   Data           4  pdm_filter.o(.data)
    T0                                       0x20000038   Data         256  pdm_filter.o(.data)
    T1                                       0x20000138   Data         256  pdm_filter.o(.data)
    T2                                       0x20000238   Data         256  pdm_filter.o(.data)
    buffer_input                             0x20000338   Data        4096  main.o(.bss)
    buffer_input_copy                        0x20001338   Data        1024  main.o(.bss)
    PDM_Input_Buffer                         0x20001738   Data         320  main.o(.bss)
    PCM_Output_Buffer                        0x20001878   Data          80  main.o(.bss)
    bout                                     0x200018c8   Data        4096  main.o(.bss)
    bout_mag                                 0x200028c8   Data        2048  main.o(.bss)
    S                                        0x200030c8   Data          24  main.o(.bss)
    S_CFFT                                   0x200030e0   Data          20  main.o(.bss)
    USART_Str                                0x200030f4   Data          16  kod.o(.bss)
    I2S_Str                                  0x20003104   Data          16  kod.o(.bss)
    Filter                                   0x20003114   Data          52  kod.o(.bss)
    __libspace_start                         0x20003148   Data          96  libspace.o(.bss)
    __temporary_stack_top$libspace           0x200031a8   Data           0  libspace.o(.bss)



==============================================================================

Memory Map of the image

  Image Entry point : 0x08000271

  Load Region LR_1 (Base: 0x08000000, Size: 0x0001c1a4, Max: 0xffffffff, ABSOLUTE, COMPRESSED[0x0001c094])

    Execution Region ER_RO (Base: 0x08000000, Size: 0x0001be6c, Max: 0xffffffff, ABSOLUTE)

    Base Addr    Size         Type   Attr      Idx    E Section Name        Object

    0x08000000   0x00000188   Data   RO         1255    RESET               startup_stm32f40xx.o
    0x08000188   0x00000008   Code   RO         1528  * !!!main             c_w.l(__main.o)
    0x08000190   0x00000034   Code   RO         1753    !!!scatter          c_w.l(__scatter.o)
    0x080001c4   0x00000064   Code   RO         1751    !!dclz77c           c_w.l(__dclz77c.o)
    0x08000228   0x0000001c   Code   RO         1755    !!handler_zi        c_w.l(__scatter_zi.o)
    0x08000244   0x00000002   Code   RO         1622    .ARM.Collect$$libinit$$00000000  c_w.l(libinit.o)
    0x08000246   0x00000004   Code   RO         1627    .ARM.Collect$$libinit$$00000001  c_w.l(libinit2.o)
    0x0800024a   0x00000000   Code   RO         1630    .ARM.Collect$$libinit$$00000004  c_w.l(libinit2.o)
    0x0800024a   0x00000000   Code   RO         1633    .ARM.Collect$$libinit$$0000000A  c_w.l(libinit2.o)
    0x0800024a   0x00000000   Code   RO         1635    .ARM.Collect$$libinit$$0000000C  c_w.l(libinit2.o)
    0x0800024a   0x00000000   Code   RO         1637    .ARM.Collect$$libinit$$0000000E  c_w.l(libinit2.o)
    0x0800024a   0x00000000   Code   RO         1640    .ARM.Collect$$libinit$$00000011  c_w.l(libinit2.o)
    0x0800024a   0x00000000   Code   RO         1642    .ARM.Collect$$libinit$$00000013  c_w.l(libinit2.o)
    0x0800024a   0x00000000   Code   RO         1644    .ARM.Collect$$libinit$$00000015  c_w.l(libinit2.o)
    0x0800024a   0x00000000   Code   RO         1646    .ARM.Collect$$libinit$$00000017  c_w.l(libinit2.o)
    0x0800024a   0x00000000   Code   RO         1648    .ARM.Collect$$libinit$$00000019  c_w.l(libinit2.o)
    0x0800024a   0x00000000   Code   RO         1650    .ARM.Collect$$libinit$$0000001B  c_w.l(libinit2.o)
    0x0800024a   0x00000000   Code   RO         1652    .ARM.Collect$$libinit$$0000001D  c_w.l(libinit2.o)
    0x0800024a   0x00000000   Code   RO         1654    .ARM.Collect$$libinit$$0000001F  c_w.l(libinit2.o)
    0x0800024a   0x00000000   Code   RO         1656    .ARM.Collect$$libinit$$00000021  c_w.l(libinit2.o)
    0x0800024a   0x00000000   Code   RO         1658    .ARM.Collect$$libinit$$00000023  c_w.l(libinit2.o)
    0x0800024a   0x00000000   Code   RO         1660    .ARM.Collect$$libinit$$00000025  c_w.l(libinit2.o)
    0x0800024a   0x00000000   Code   RO         1664    .ARM.Collect$$libinit$$0000002C  c_w.l(libinit2.o)
    0x0800024a   0x00000000   Code   RO         1666    .ARM.Collect$$libinit$$0000002E  c_w.l(libinit2.o)
    0x0800024a   0x00000000   Code   RO         1668    .ARM.Collect$$libinit$$00000030  c_w.l(libinit2.o)
    0x0800024a   0x00000000   Code   RO         1670    .ARM.Collect$$libinit$$00000032  c_w.l(libinit2.o)
    0x0800024a   0x00000002   Code   RO         1671    .ARM.Collect$$libinit$$00000033  c_w.l(libinit2.o)
    0x0800024c   0x00000002   Code   RO         1691    .ARM.Collect$$libshutdown$$00000000  c_w.l(libshutdown.o)
    0x0800024e   0x00000000   Code   RO         1704    .ARM.Collect$$libshutdown$$00000002  c_w.l(libshutdown2.o)
    0x0800024e   0x00000000   Code   RO         1706    .ARM.Collect$$libshutdown$$00000004  c_w.l(libshutdown2.o)
    0x0800024e   0x00000000   Code   RO         1709    .ARM.Collect$$libshutdown$$00000007  c_w.l(libshutdown2.o)
    0x0800024e   0x00000000   Code   RO         1712    .ARM.Collect$$libshutdown$$0000000A  c_w.l(libshutdown2.o)
    0x0800024e   0x00000000   Code   RO         1714    .ARM.Collect$$libshutdown$$0000000C  c_w.l(libshutdown2.o)
    0x0800024e   0x00000000   Code   RO         1717    .ARM.Collect$$libshutdown$$0000000F  c_w.l(libshutdown2.o)
    0x0800024e   0x00000002   Code   RO         1718    .ARM.Collect$$libshutdown$$00000010  c_w.l(libshutdown2.o)
    0x08000250   0x00000000   Code   RO         1576    .ARM.Collect$$rtentry$$00000000  c_w.l(__rtentry.o)
    0x08000250   0x00000000   Code   RO         1589    .ARM.Collect$$rtentry$$00000002  c_w.l(__rtentry2.o)
    0x08000250   0x00000006   Code   RO         1601    .ARM.Collect$$rtentry$$00000004  c_w.l(__rtentry4.o)
    0x08000256   0x00000000   Code   RO         1591    .ARM.Collect$$rtentry$$00000009  c_w.l(__rtentry2.o)
    0x08000256   0x00000004   Code   RO         1592    .ARM.Collect$$rtentry$$0000000A  c_w.l(__rtentry2.o)
    0x0800025a   0x00000000   Code   RO         1594    .ARM.Collect$$rtentry$$0000000C  c_w.l(__rtentry2.o)
    0x0800025a   0x00000008   Code   RO         1595    .ARM.Collect$$rtentry$$0000000D  c_w.l(__rtentry2.o)
    0x08000262   0x00000002   Code   RO         1625    .ARM.Collect$$rtexit$$00000000  c_w.l(rtexit.o)
    0x08000264   0x00000000   Code   RO         1673    .ARM.Collect$$rtexit$$00000002  c_w.l(rtexit2.o)
    0x08000264   0x00000004   Code   RO         1674    .ARM.Collect$$rtexit$$00000003  c_w.l(rtexit2.o)
    0x08000268   0x00000006   Code   RO         1675    .ARM.Collect$$rtexit$$00000004  c_w.l(rtexit2.o)
    0x0800026e   0x00000002   PAD
    0x08000270   0x00000040   Code   RO         1256  * .text               startup_stm32f40xx.o
    0x080002b0   0x00000bfc   Code   RO         1260    .text               libPDMFilter_Keil.lib(pdm_filter.o)
    0x08000eac   0x00000128   Code   RO         1266    .text               arm_cortexM4l_math.lib(arm_cmplx_mag_f32.o)
    0x08000fd4   0x00000342   Code   RO         1315    .text               arm_cortexM4l_math.lib(arm_rfft_f32.o)
    0x08001316   0x00000002   PAD
    0x08001318   0x0000007c   Code   RO         1343    .text               arm_cortexM4l_math.lib(arm_rfft_init_f32.o)
    0x08001394   0x00000b34   Code   RO         1369    .text               arm_cortexM4l_math.lib(arm_cfft_radix4_f32.o)
    0x08001ec8   0x000000a8   Code   RO         1393    .text               arm_cortexM4l_math.lib(arm_cfft_radix4_init_f32.o)
    0x08001f70   0x000001d2   Code   RO         1421    .text               arm_cortexM4l_math.lib(arm_bitreversal.o)
    0x08002142   0x00000006   Code   RO         1526    .text               c_w.l(heapauxi.o)
    0x08002148   0x00000016   Code   RO         1577    .text               c_w.l(_rserrno.o)
    0x0800215e   0x00000002   PAD
    0x08002160   0x00000008   Code   RO         1606    .text               c_w.l(rt_errno_addr_intlibspace.o)
    0x08002168   0x00000008   Code   RO         1610    .text               c_w.l(libspace.o)
    0x08002170   0x0000004a   Code   RO         1613    .text               c_w.l(sys_stackheap_outer.o)
    0x080021ba   0x00000012   Code   RO         1615    .text               c_w.l(exit.o)
    0x080021cc   0x0000000c   Code   RO         1683    .text               c_w.l(sys_exit.o)
    0x080021d8   0x00000002   Code   RO         1694    .text               c_w.l(use_no_semi.o)
    0x080021da   0x00000000   Code   RO         1696    .text               c_w.l(indicate_semi.o)
    0x080021da   0x00000004   Code   RO          205    i.BusFault_Handler  stm32f4xx_it.o
    0x080021de   0x00000002   Code   RO          206    i.DebugMon_Handler  stm32f4xx_it.o
    0x080021e0   0x00000014   Code   RO          158    i.Delay             moje.o
    0x080021f4   0x00000090   Code   RO          404    i.GPIO_Init         stm32f4xx_gpio.o
    0x08002284   0x00000046   Code   RO          405    i.GPIO_PinAFConfig  stm32f4xx_gpio.o
    0x080022ca   0x00000004   Code   RO          412    i.GPIO_SetBits      stm32f4xx_gpio.o
    0x080022ce   0x00000008   Code   RO          414    i.GPIO_ToggleBits   stm32f4xx_gpio.o
    0x080022d6   0x00000004   Code   RO          207    i.HardFault_Handler  stm32f4xx_it.o
    0x080022da   0x00000018   Code   RO          849    i.I2S_Cmd           stm32f4xx_spi.o
    0x080022f2   0x00000002   PAD
    0x080022f4   0x00000198   Code   RO          851    i.I2S_Init          stm32f4xx_spi.o
    0x0800248c   0x00000004   Code   RO          208    i.MemManage_Handler  stm32f4xx_it.o
    0x08002490   0x00000002   Code   RO          209    i.NMI_Handler       stm32f4xx_it.o
    0x08002492   0x00000002   PAD
    0x08002494   0x00000078   Code   RO          352    i.NVIC_Init         misc.o
    0x0800250c   0x00000014   Code   RO          353    i.NVIC_PriorityGroupConfig  misc.o
    0x08002520   0x00000002   Code   RO          210    i.PendSV_Handler    stm32f4xx_it.o
    0x08002522   0x00000002   PAD
    0x08002524   0x00000020   Code   RO          508    i.RCC_AHB1PeriphClockCmd  stm32f4xx_rcc.o
    0x08002544   0x00000020   Code   RO          517    i.RCC_APB1PeriphClockCmd  stm32f4xx_rcc.o
    0x08002564   0x00000020   Code   RO          519    i.RCC_APB1PeriphResetCmd  stm32f4xx_rcc.o
    0x08002584   0x00000020   Code   RO          522    i.RCC_APB2PeriphResetCmd  stm32f4xx_rcc.o
    0x080025a4   0x0000000c   Code   RO          548    i.RCC_PLLI2SCmd     stm32f4xx_rcc.o
    0x080025b0   0x00000088   Code   RO          211    i.SPI2_IRQHandler   stm32f4xx_it.o
    0x08002638   0x000000b0   Code   RO          862    i.SPI_I2S_DeInit    stm32f4xx_spi.o
    0x080026e8   0x00000034   Code   RO          864    i.SPI_I2S_GetITStatus  stm32f4xx_spi.o
    0x0800271c   0x00000020   Code   RO          865    i.SPI_I2S_ITConfig  stm32f4xx_spi.o
    0x0800273c   0x00000006   Code   RO          866    i.SPI_I2S_ReceiveData  stm32f4xx_spi.o
    0x08002742   0x00000002   Code   RO          212    i.SVC_Handler       stm32f4xx_it.o
    0x08002744   0x000000ec   Code   RO         1215    i.SetSysClock       system_stm32f4xx.o
    0x08002830   0x00000002   Code   RO          213    i.SysTick_Handler   stm32f4xx_it.o
    0x08002832   0x00000002   PAD
    0x08002834   0x00000068   Code   RO         1217    i.SystemInit        system_stm32f4xx.o
    0x0800289c   0x00000014   Code   RO          214    i.USART1_IRQHandler  stm32f4xx_it.o
    0x080028b0   0x0000001a   Code   RO         1027    i.USART_GetFlagStatus  stm32f4xx_usart.o
    0x080028ca   0x00000008   Code   RO         1041    i.USART_SendData    stm32f4xx_usart.o
    0x080028d2   0x0000003a   Code   RO          159    i.USART_putf        moje.o
    0x0800290c   0x00000004   Code   RO          215    i.UsageFault_Handler  stm32f4xx_it.o
    0x08002910   0x00000090   Code   RO          296    i._GPIO             kod.o
    0x080029a0   0x0000005c   Code   RO          297    i._I2S              kod.o
    0x080029fc   0x00000038   Code   RO          161    i._LED              moje.o
    0x08002a34   0x00000040   Code   RO          298    i._NVIC             kod.o
    0x08002a74   0x00000128   Code   RO            4    i.main              main.o
    0x08002b9c   0x0000003e   Code   RO         1566    i.sqrtf             m_wm.l(sqrtf.o)
    0x08002bda   0x00000002   PAD
    0x08002bdc   0x00000150   Code   RO         1530    x$fpl$dadd          fz_wm.l(daddsub_clz.o)
    0x08002d2c   0x000002b0   Code   RO         1537    x$fpl$ddiv          fz_wm.l(ddiv.o)
    0x08002fdc   0x0000005a   Code   RO         1540    x$fpl$dfixu         fz_wm.l(dfixu.o)
    0x08003036   0x00000026   Code   RO         1544    x$fpl$dfltu         fz_wm.l(dflt_clz.o)
    0x0800305c   0x00000154   Code   RO         1550    x$fpl$dmul          fz_wm.l(dmul.o)
    0x080031b0   0x0000009c   Code   RO         1579    x$fpl$dnaninf       fz_wm.l(dnaninf.o)
    0x0800324c   0x0000000c   Code   RO         1581    x$fpl$dretinf       fz_wm.l(dretinf.o)
    0x08003258   0x000001d4   Code   RO         1532    x$fpl$dsub          fz_wm.l(daddsub_clz.o)
    0x0800342c   0x00000056   Code   RO         1552    x$fpl$f2d           fz_wm.l(f2d.o)
    0x08003482   0x00000012   Code   RO         1554    x$fpl$fadd          fz_wm.l(faddsub_clz.o)
    0x08003494   0x0000000c   Code   RO         1583    x$fpl$fcheck1       fz_wm.l(fcheck1.o)
    0x080034a0   0x00000012   Code   RO         1560    x$fpl$fmul          fz_wm.l(fmul.o)
    0x080034b2   0x0000008c   Code   RO         1585    x$fpl$fnaninf       fz_wm.l(fnaninf.o)
    0x0800353e   0x0000000a   Code   RO         1681    x$fpl$fpinit        fz_wm.l(fpinit.o)
    0x08003548   0x00000012   Code   RO         1556    x$fpl$frsb          fz_wm.l(faddsub_clz.o)
    0x0800355a   0x00000012   Code   RO         1555    x$fpl$fsub          fz_wm.l(faddsub_clz.o)
    0x0800356c   0x00000064   Code   RO         1608    x$fpl$retnan        fz_wm.l(retnan.o)
    0x080035d0   0x0000004c   Code   RO         1562    x$fpl$scalbnf       fz_wm.l(scalbnf.o)
    0x0800361c   0x00000030   Code   RO         1623    x$fpl$trapveneer    fz_wm.l(trapv.o)
    0x0800364c   0x00000000   Code   RO         1587    x$fpl$usenofp       fz_wm.l(usenofp.o)
    0x0800364c   0x00010000   Data   RO         1344    .constdata          arm_cortexM4l_math.lib(arm_rfft_init_f32.o)
    0x0801364c   0x00000800   Data   RO         1445    .constdata          arm_cortexM4l_math.lib(arm_common_tables.o)
    0x08013e4c   0x00008000   Data   RO         1454    .constdata          arm_cortexM4l_math.lib(arm_common_tables.o)
    0x0801be4c   0x00000020   Data   RO         1749    Region$$Table       anon$$obj.o


    Execution Region ER_RW (Base: 0x20000000, Size: 0x00000338, Max: 0xffffffff, ABSOLUTE, COMPRESSED[0x00000228])

    Base Addr    Size         Type   Attr      Idx    E Section Name        Object

    0x20000000   0x0000001a   Data   RW            6    .data               main.o
    0x2000001a   0x00000002   PAD
    0x2000001c   0x00000008   Data   RW          216    .data               stm32f4xx_it.o
    0x20000024   0x00000010   Data   RW          302    .data               kod.o
    0x20000034   0x00000304   Data   RW         1261    .data               libPDMFilter_Keil.lib(pdm_filter.o)


    Execution Region ER_ZI (Base: 0x20000338, Size: 0x00003470, Max: 0xffffffff, ABSOLUTE)

    Base Addr    Size         Type   Attr      Idx    E Section Name        Object

    0x20000338   0x00002dbc   Zero   RW            5    .bss                main.o
    0x200030f4   0x00000054   Zero   RW          301    .bss                kod.o
    0x20003148   0x00000060   Zero   RW         1611    .bss                c_w.l(libspace.o)
    0x200031a8   0x00000200   Zero   RW         1254    HEAP                startup_stm32f40xx.o
    0x200033a8   0x00000400   Zero   RW         1253    STACK               startup_stm32f40xx.o


==============================================================================

Image component sizes


      Code (inc. data)   RO Data    RW Data    ZI Data      Debug   Object Name

       300         30          0         16         84      28247   kod.o
       296         54          0         26      11708     277103   main.o
       140         24          0          0          0       3147   misc.o
       134          6          0          0          0       1816   moje.o
        64         26        392          0       1536        796   startup_stm32f40xx.o
       226          0          0          0          0       9804   stm32f4xx_gpio.o
       182         36          0          8          0       5173   stm32f4xx_it.o
       140         30          0          0          0       2832   stm32f4xx_rcc.o
       698         36          0          0          0      12797   stm32f4xx_spi.o
        34          0          0          0          0       7763   stm32f4xx_usart.o
       340         32          0          0          0       1417   system_stm32f4xx.o

    ----------------------------------------------------------------------
      2562        274        424         52      13328     350895   Object Totals
         0          0         32          0          0          0   (incl. Generated)
         8          0          0          2          0          0   (incl. Padding)

    ----------------------------------------------------------------------

      Code (inc. data)   RO Data    RW Data    ZI Data      Debug   Library Member Name

       466          0          0          0          0       2122   arm_bitreversal.o
      2868          0          0          0          0       4412   arm_cfft_radix4_f32.o
       168         26          0          0          0        743   arm_cfft_radix4_init_f32.o
       296          0          0          0          0      17384   arm_cmplx_mag_f32.o
         0          0      34816          0          0       4636   arm_common_tables.o
       834          0          0          0          0      15832   arm_rfft_f32.o
       124          4      65536          0          0       1272   arm_rfft_init_f32.o
       100          0          0          0          0          0   __dclz77c.o
         8          0          0          0          0         68   __main.o
         0          0          0          0          0          0   __rtentry.o
        12          0          0          0          0          0   __rtentry2.o
         6          0          0          0          0          0   __rtentry4.o
        52          8          0          0          0          0   __scatter.o
        28          0          0          0          0          0   __scatter_zi.o
        22          0          0          0          0        100   _rserrno.o
        18          0          0          0          0         80   exit.o
         6          0          0          0          0        152   heapauxi.o
         0          0          0          0          0          0   indicate_semi.o
         2          0          0          0          0          0   libinit.o
         6          0          0          0          0          0   libinit2.o
         2          0          0          0          0          0   libshutdown.o
         2          0          0          0          0          0   libshutdown2.o
         8          4          0          0         96         68   libspace.o
         8          4          0          0          0         68   rt_errno_addr_intlibspace.o
         2          0          0          0          0          0   rtexit.o
        10          0          0          0          0          0   rtexit2.o
        12          4          0          0          0         68   sys_exit.o
        74          0          0          0          0         80   sys_stackheap_outer.o
         2          0          0          0          0         68   use_no_semi.o
       804         16          0          0          0        368   daddsub_clz.o
       688        140          0          0          0        256   ddiv.o
        90          4          0          0          0        140   dfixu.o
        38          0          0          0          0        116   dflt_clz.o
       340         12          0          0          0        152   dmul.o
       156          4          0          0          0        140   dnaninf.o
        12          0          0          0          0        116   dretinf.o
        86          4          0          0          0        132   f2d.o
        54          0          0          0          0        348   faddsub_clz.o
        12          4          0          0          0        116   fcheck1.o
        18          0          0          0          0        116   fmul.o
       140          4          0          0          0        132   fnaninf.o
        10          0          0          0          0        116   fpinit.o
       100          0          0          0          0        116   retnan.o
        76          0          0          0          0        116   scalbnf.o
        48          0          0          0          0        116   trapv.o
         0          0          0          0          0          0   usenofp.o
      3068         54          0        772          0        268   pdm_filter.o
        62          0          0          0          0        136   sqrtf.o

    ----------------------------------------------------------------------
     10946        292     100352        772         96      50153   Library Totals
         8          0          0          0          0          0   (incl. Padding)

    ----------------------------------------------------------------------

      Code (inc. data)   RO Data    RW Data    ZI Data      Debug   Library Name

      4756         30     100352          0          0      46401   arm_cortexM4l_math.lib
       380         20          0          0         96        752   c_w.l
      2672        188          0          0          0       2596   fz_wm.l
      3068         54          0        772          0        268   libPDMFilter_Keil.lib
        62          0          0          0          0        136   m_wm.l

    ----------------------------------------------------------------------
     10946        292     100352        772         96      50153   Library Totals

    ----------------------------------------------------------------------

==============================================================================


      Code (inc. data)   RO Data    RW Data    ZI Data      Debug   

     13508        566     100776        824      13424     395224   Grand Totals
     13508        566     100776        552      13424     395224   ELF Image Totals (compressed)
     13508        566     100776        552          0          0   ROM Totals

==============================================================================

    Total RO  Size (Code + RO Data)               114284 ( 111.61kB)
    Total RW  Size (RW Data + ZI Data)             14248 (  13.91kB)
    Total ROM Size (Code + RO Data + RW Data)     114836 ( 112.14kB)

==============================================================================

